// Validating benchmarks:
// ***** BenchmarkRunner: Start   *****
// ***** Found 6 benchmark(s) in total *****
// ***** Building 1 exe(s) in Parallel: Start   *****
// start dotnet  restore /p:UseSharedCompilation=false /p:BuildInParallel=false /m:1 /p:Deterministic=true /p:Optimize=true /p:IntermediateOutputPath="C:\Users\Miguel\Desktop\Proyectos\Box3D.NET\src\Box3D.NET.Benchmarks\bin\Release\net8.0\31f827c6-024c-456e-ac35-ed4974244447\obj\Release\net10.0/" /p:OutDir="C:\Users\Miguel\Desktop\Proyectos\Box3D.NET\src\Box3D.NET.Benchmarks\bin\Release\net8.0\31f827c6-024c-456e-ac35-ed4974244447\bin\Release\net10.0/" /p:OutputPath="C:\Users\Miguel\Desktop\Proyectos\Box3D.NET\src\Box3D.NET.Benchmarks\bin\Release\net8.0\31f827c6-024c-456e-ac35-ed4974244447\bin\Release\net10.0/" in C:\Users\Miguel\Desktop\Proyectos\Box3D.NET\src\Box3D.NET.Benchmarks\bin\Release\net8.0\31f827c6-024c-456e-ac35-ed4974244447
// command took 0.84 sec and exited with 0
// start dotnet  build -c Release --no-restore /p:UseSharedCompilation=false /p:BuildInParallel=false /m:1 /p:Deterministic=true /p:Optimize=true /p:IntermediateOutputPath="C:\Users\Miguel\Desktop\Proyectos\Box3D.NET\src\Box3D.NET.Benchmarks\bin\Release\net8.0\31f827c6-024c-456e-ac35-ed4974244447\obj\Release\net10.0/" /p:OutDir="C:\Users\Miguel\Desktop\Proyectos\Box3D.NET\src\Box3D.NET.Benchmarks\bin\Release\net8.0\31f827c6-024c-456e-ac35-ed4974244447\bin\Release\net10.0/" /p:OutputPath="C:\Users\Miguel\Desktop\Proyectos\Box3D.NET\src\Box3D.NET.Benchmarks\bin\Release\net8.0\31f827c6-024c-456e-ac35-ed4974244447\bin\Release\net10.0/" --output "C:\Users\Miguel\Desktop\Proyectos\Box3D.NET\src\Box3D.NET.Benchmarks\bin\Release\net8.0\31f827c6-024c-456e-ac35-ed4974244447\bin\Release\net10.0/" in C:\Users\Miguel\Desktop\Proyectos\Box3D.NET\src\Box3D.NET.Benchmarks\bin\Release\net8.0\31f827c6-024c-456e-ac35-ed4974244447
// command took 6.81 sec and exited with 0
// ***** Done, took 00:00:07 (7.7 sec)   *****
// Found 6 benchmarks:
//   OverheadBenchmarks.'Read position (native)': Job-DYQPBP(IterationCount=15, WarmupCount=5)
//   OverheadBenchmarks.'Read position (wrapper)': Job-DYQPBP(IterationCount=15, WarmupCount=5)
//   OverheadBenchmarks.'Write velocity (native)': Job-DYQPBP(IterationCount=15, WarmupCount=5)
//   OverheadBenchmarks.'Write velocity (wrapper)': Job-DYQPBP(IterationCount=15, WarmupCount=5)
//   OverheadBenchmarks.'Apply force (native)': Job-DYQPBP(IterationCount=15, WarmupCount=5)
//   OverheadBenchmarks.'Apply force (wrapper)': Job-DYQPBP(IterationCount=15, WarmupCount=5)

Setup power plan (GUID: 8c5e7fda-e8bf-4a96-9a85-a6e23a8c635c FriendlyName: Alto rendimiento)
// **************************
// Benchmark: OverheadBenchmarks.'Read position (native)': Job-DYQPBP(IterationCount=15, WarmupCount=5)
// *** Execute ***
// Launch: 1 / 1
// Execute: dotnet 31f827c6-024c-456e-ac35-ed4974244447.dll --anonymousPipes 1948 2148 --benchmarkName Box3D.Benchmarks.OverheadBenchmarks.ReadPositionNative --job "IterationCount=15, WarmupCount=5" --benchmarkId 0 in C:\Users\Miguel\Desktop\Proyectos\Box3D.NET\src\Box3D.NET.Benchmarks\bin\Release\net8.0\31f827c6-024c-456e-ac35-ed4974244447\bin\Release\net10.0
// BeforeAnythingElse

// Benchmark Process Environment Information:
// BenchmarkDotNet v0.14.0
// Runtime=.NET 10.0.10 (10.0.1026.32716), X64 RyuJIT AVX-512F+CD+BW+DQ+VL+VBMI
// GC=Concurrent Workstation
// HardwareIntrinsics=AVX-512F+CD+BW+DQ+VL+VBMI,AES,BMI1,BMI2,FMA,LZCNT,PCLMUL,POPCNT VectorSize=256
// Job: Job-DMGGOC(IterationCount=15, WarmupCount=5)

OverheadJitting  1: 1 op, 210300.00 ns, 210.3000 us/op
WorkloadJitting  1: 1 op, 201700.00 ns, 201.7000 us/op

OverheadJitting  2: 16 op, 238000.00 ns, 14.8750 us/op
WorkloadJitting  2: 16 op, 263600.00 ns, 16.4750 us/op

WorkloadPilot    1: 16 op, 600.00 ns, 37.5000 ns/op
WorkloadPilot    2: 32 op, 900.00 ns, 28.1250 ns/op
WorkloadPilot    3: 64 op, 1000.00 ns, 15.6250 ns/op
WorkloadPilot    4: 128 op, 2100.00 ns, 16.4063 ns/op
WorkloadPilot    5: 256 op, 3300.00 ns, 12.8906 ns/op
WorkloadPilot    6: 512 op, 6700.00 ns, 13.0859 ns/op
WorkloadPilot    7: 1024 op, 29400.00 ns, 28.7109 ns/op
WorkloadPilot    8: 2048 op, 19900.00 ns, 9.7168 ns/op
WorkloadPilot    9: 4096 op, 39300.00 ns, 9.5947 ns/op
WorkloadPilot   10: 8192 op, 78200.00 ns, 9.5459 ns/op
WorkloadPilot   11: 16384 op, 194700.00 ns, 11.8835 ns/op
WorkloadPilot   12: 32768 op, 388700.00 ns, 11.8622 ns/op
WorkloadPilot   13: 65536 op, 621800.00 ns, 9.4879 ns/op
WorkloadPilot   14: 131072 op, 1243100.00 ns, 9.4841 ns/op
WorkloadPilot   15: 262144 op, 2839700.00 ns, 10.8326 ns/op
WorkloadPilot   16: 524288 op, 5685100.00 ns, 10.8435 ns/op
WorkloadPilot   17: 1048576 op, 9992100.00 ns, 9.5292 ns/op
WorkloadPilot   18: 2097152 op, 20099300.00 ns, 9.5841 ns/op
WorkloadPilot   19: 4194304 op, 40569700.00 ns, 9.6726 ns/op
WorkloadPilot   20: 8388608 op, 79213900.00 ns, 9.4430 ns/op
WorkloadPilot   21: 16777216 op, 150122000.00 ns, 8.9480 ns/op
WorkloadPilot   22: 33554432 op, 299057000.00 ns, 8.9126 ns/op
WorkloadPilot   23: 67108864 op, 601993100.00 ns, 8.9704 ns/op

OverheadWarmup   1: 67108864 op, 112397900.00 ns, 1.6749 ns/op
OverheadWarmup   2: 67108864 op, 111904600.00 ns, 1.6675 ns/op
OverheadWarmup   3: 67108864 op, 71103500.00 ns, 1.0595 ns/op
OverheadWarmup   4: 67108864 op, 70667300.00 ns, 1.0530 ns/op
OverheadWarmup   5: 67108864 op, 70489800.00 ns, 1.0504 ns/op
OverheadWarmup   6: 67108864 op, 70523900.00 ns, 1.0509 ns/op
OverheadWarmup   7: 67108864 op, 70534500.00 ns, 1.0510 ns/op
OverheadWarmup   8: 67108864 op, 70830300.00 ns, 1.0555 ns/op
OverheadWarmup   9: 67108864 op, 70595800.00 ns, 1.0520 ns/op
OverheadWarmup  10: 67108864 op, 70549900.00 ns, 1.0513 ns/op

OverheadActual   1: 67108864 op, 70316700.00 ns, 1.0478 ns/op
OverheadActual   2: 67108864 op, 71350900.00 ns, 1.0632 ns/op
OverheadActual   3: 67108864 op, 71238600.00 ns, 1.0615 ns/op
OverheadActual   4: 67108864 op, 70545700.00 ns, 1.0512 ns/op
OverheadActual   5: 67108864 op, 69863000.00 ns, 1.0410 ns/op
OverheadActual   6: 67108864 op, 71188900.00 ns, 1.0608 ns/op
OverheadActual   7: 67108864 op, 70257000.00 ns, 1.0469 ns/op
OverheadActual   8: 67108864 op, 70498300.00 ns, 1.0505 ns/op
OverheadActual   9: 67108864 op, 71023000.00 ns, 1.0583 ns/op
OverheadActual  10: 67108864 op, 71153400.00 ns, 1.0603 ns/op
OverheadActual  11: 67108864 op, 71137300.00 ns, 1.0600 ns/op
OverheadActual  12: 67108864 op, 70418000.00 ns, 1.0493 ns/op
OverheadActual  13: 67108864 op, 70582400.00 ns, 1.0518 ns/op
OverheadActual  14: 67108864 op, 70551300.00 ns, 1.0513 ns/op
OverheadActual  15: 67108864 op, 70520600.00 ns, 1.0508 ns/op

WorkloadWarmup   1: 67108864 op, 615301900.00 ns, 9.1687 ns/op
WorkloadWarmup   2: 67108864 op, 615102500.00 ns, 9.1657 ns/op
WorkloadWarmup   3: 67108864 op, 615063200.00 ns, 9.1652 ns/op
WorkloadWarmup   4: 67108864 op, 615908700.00 ns, 9.1778 ns/op
WorkloadWarmup   5: 67108864 op, 615007300.00 ns, 9.1643 ns/op

// BeforeActualRun
WorkloadActual   1: 67108864 op, 604193700.00 ns, 9.0032 ns/op
WorkloadActual   2: 67108864 op, 599723500.00 ns, 8.9366 ns/op
WorkloadActual   3: 67108864 op, 599887500.00 ns, 8.9390 ns/op
WorkloadActual   4: 67108864 op, 599914500.00 ns, 8.9394 ns/op
WorkloadActual   5: 67108864 op, 600683700.00 ns, 8.9509 ns/op
WorkloadActual   6: 67108864 op, 601266300.00 ns, 8.9596 ns/op
WorkloadActual   7: 67108864 op, 599676800.00 ns, 8.9359 ns/op
WorkloadActual   8: 67108864 op, 601307700.00 ns, 8.9602 ns/op
WorkloadActual   9: 67108864 op, 600083500.00 ns, 8.9419 ns/op
WorkloadActual  10: 67108864 op, 601828000.00 ns, 8.9679 ns/op
WorkloadActual  11: 67108864 op, 601843000.00 ns, 8.9682 ns/op
WorkloadActual  12: 67108864 op, 599758100.00 ns, 8.9371 ns/op
WorkloadActual  13: 67108864 op, 600844800.00 ns, 8.9533 ns/op
WorkloadActual  14: 67108864 op, 602009100.00 ns, 8.9706 ns/op
WorkloadActual  15: 67108864 op, 601545800.00 ns, 8.9637 ns/op

// AfterActualRun
WorkloadResult   1: 67108864 op, 533642400.00 ns, 7.9519 ns/op
WorkloadResult   2: 67108864 op, 529172200.00 ns, 7.8853 ns/op
WorkloadResult   3: 67108864 op, 529336200.00 ns, 7.8877 ns/op
WorkloadResult   4: 67108864 op, 529363200.00 ns, 7.8881 ns/op
WorkloadResult   5: 67108864 op, 530132400.00 ns, 7.8996 ns/op
WorkloadResult   6: 67108864 op, 530715000.00 ns, 7.9083 ns/op
WorkloadResult   7: 67108864 op, 529125500.00 ns, 7.8846 ns/op
WorkloadResult   8: 67108864 op, 530756400.00 ns, 7.9089 ns/op
WorkloadResult   9: 67108864 op, 529532200.00 ns, 7.8906 ns/op
WorkloadResult  10: 67108864 op, 531276700.00 ns, 7.9166 ns/op
WorkloadResult  11: 67108864 op, 531291700.00 ns, 7.9169 ns/op
WorkloadResult  12: 67108864 op, 529206800.00 ns, 7.8858 ns/op
WorkloadResult  13: 67108864 op, 530293500.00 ns, 7.9020 ns/op
WorkloadResult  14: 67108864 op, 531457800.00 ns, 7.9193 ns/op
WorkloadResult  15: 67108864 op, 530994500.00 ns, 7.9124 ns/op
// GC:  0 0 0 400 67108864
// Threading:  0 0 67108864

// AfterAll
// Benchmark Process 15288 has exited with code 0.

Mean = 7.904 ns, StdErr = 0.005 ns (0.06%), N = 15, StdDev = 0.018 ns
Min = 7.885 ns, Q1 = 7.888 ns, Median = 7.902 ns, Q3 = 7.915 ns, Max = 7.952 ns
IQR = 0.027 ns, LowerFence = 7.848 ns, UpperFence = 7.954 ns
ConfidenceInterval = [7.884 ns; 7.924 ns] (CI 99.9%), Margin = 0.020 ns (0.25% of Mean)
Skewness = 0.96, Kurtosis = 3.46, MValue = 2

// ** Remained 5 (83.3 %) benchmark(s) to run. Estimated finish 2026-08-06 14:43 (0h 1m from now) **
Setup power plan (GUID: 8c5e7fda-e8bf-4a96-9a85-a6e23a8c635c FriendlyName: Alto rendimiento)
// **************************
// Benchmark: OverheadBenchmarks.'Read position (wrapper)': Job-DYQPBP(IterationCount=15, WarmupCount=5)
// *** Execute ***
// Launch: 1 / 1
// Execute: dotnet 31f827c6-024c-456e-ac35-ed4974244447.dll --anonymousPipes 1448 1972 --benchmarkName Box3D.Benchmarks.OverheadBenchmarks.ReadPositionWrapper --job "IterationCount=15, WarmupCount=5" --benchmarkId 1 in C:\Users\Miguel\Desktop\Proyectos\Box3D.NET\src\Box3D.NET.Benchmarks\bin\Release\net8.0\31f827c6-024c-456e-ac35-ed4974244447\bin\Release\net10.0
// BeforeAnythingElse

// Benchmark Process Environment Information:
// BenchmarkDotNet v0.14.0
// Runtime=.NET 10.0.10 (10.0.1026.32716), X64 RyuJIT AVX-512F+CD+BW+DQ+VL+VBMI
// GC=Concurrent Workstation
// HardwareIntrinsics=AVX-512F+CD+BW+DQ+VL+VBMI,AES,BMI1,BMI2,FMA,LZCNT,PCLMUL,POPCNT VectorSize=256
// Job: Job-CUBZFL(IterationCount=15, WarmupCount=5)

OverheadJitting  1: 1 op, 201200.00 ns, 201.2000 us/op
WorkloadJitting  1: 1 op, 226000.00 ns, 226.0000 us/op

OverheadJitting  2: 16 op, 237800.00 ns, 14.8625 us/op
WorkloadJitting  2: 16 op, 265700.00 ns, 16.6063 us/op

WorkloadPilot    1: 16 op, 700.00 ns, 43.7500 ns/op
WorkloadPilot    2: 32 op, 800.00 ns, 25.0000 ns/op
WorkloadPilot    3: 64 op, 1500.00 ns, 23.4375 ns/op
WorkloadPilot    4: 128 op, 2100.00 ns, 16.4063 ns/op
WorkloadPilot    5: 256 op, 3800.00 ns, 14.8438 ns/op
WorkloadPilot    6: 512 op, 6200.00 ns, 12.1094 ns/op
WorkloadPilot    7: 1024 op, 14500.00 ns, 14.1602 ns/op
WorkloadPilot    8: 2048 op, 22900.00 ns, 11.1816 ns/op
WorkloadPilot    9: 4096 op, 56800.00 ns, 13.8672 ns/op
WorkloadPilot   10: 8192 op, 89900.00 ns, 10.9741 ns/op
WorkloadPilot   11: 16384 op, 224400.00 ns, 13.6963 ns/op
WorkloadPilot   12: 32768 op, 361300.00 ns, 11.0260 ns/op
WorkloadPilot   13: 65536 op, 723200.00 ns, 11.0352 ns/op
WorkloadPilot   14: 131072 op, 1441100.00 ns, 10.9947 ns/op
WorkloadPilot   15: 262144 op, 3314800.00 ns, 12.6450 ns/op
WorkloadPilot   16: 524288 op, 5730900.00 ns, 10.9308 ns/op
WorkloadPilot   17: 1048576 op, 11511300.00 ns, 10.9780 ns/op
WorkloadPilot   18: 2097152 op, 23315700.00 ns, 11.1178 ns/op
WorkloadPilot   19: 4194304 op, 46589400.00 ns, 11.1078 ns/op
WorkloadPilot   20: 8388608 op, 85711000.00 ns, 10.2175 ns/op
WorkloadPilot   21: 16777216 op, 153413400.00 ns, 9.1442 ns/op
WorkloadPilot   22: 33554432 op, 308304700.00 ns, 9.1882 ns/op
WorkloadPilot   23: 67108864 op, 614993600.00 ns, 9.1641 ns/op

OverheadWarmup   1: 67108864 op, 113020600.00 ns, 1.6841 ns/op
OverheadWarmup   2: 67108864 op, 111791200.00 ns, 1.6658 ns/op
OverheadWarmup   3: 67108864 op, 70818100.00 ns, 1.0553 ns/op
OverheadWarmup   4: 67108864 op, 70199600.00 ns, 1.0461 ns/op
OverheadWarmup   5: 67108864 op, 70357800.00 ns, 1.0484 ns/op
OverheadWarmup   6: 67108864 op, 70394100.00 ns, 1.0490 ns/op
OverheadWarmup   7: 67108864 op, 71095100.00 ns, 1.0594 ns/op
OverheadWarmup   8: 67108864 op, 70785800.00 ns, 1.0548 ns/op
OverheadWarmup   9: 67108864 op, 70390400.00 ns, 1.0489 ns/op
OverheadWarmup  10: 67108864 op, 71076700.00 ns, 1.0591 ns/op

OverheadActual   1: 67108864 op, 70519300.00 ns, 1.0508 ns/op
OverheadActual   2: 67108864 op, 70136900.00 ns, 1.0451 ns/op
OverheadActual   3: 67108864 op, 70364800.00 ns, 1.0485 ns/op
OverheadActual   4: 67108864 op, 71288300.00 ns, 1.0623 ns/op
OverheadActual   5: 67108864 op, 71099400.00 ns, 1.0595 ns/op
OverheadActual   6: 67108864 op, 70175400.00 ns, 1.0457 ns/op
OverheadActual   7: 67108864 op, 74147100.00 ns, 1.1049 ns/op
OverheadActual   8: 67108864 op, 70414000.00 ns, 1.0493 ns/op
OverheadActual   9: 67108864 op, 71019900.00 ns, 1.0583 ns/op
OverheadActual  10: 67108864 op, 70585800.00 ns, 1.0518 ns/op
OverheadActual  11: 67108864 op, 70940700.00 ns, 1.0571 ns/op
OverheadActual  12: 67108864 op, 70881900.00 ns, 1.0562 ns/op
OverheadActual  13: 67108864 op, 70751900.00 ns, 1.0543 ns/op
OverheadActual  14: 67108864 op, 70178700.00 ns, 1.0457 ns/op
OverheadActual  15: 67108864 op, 70741400.00 ns, 1.0541 ns/op

WorkloadWarmup   1: 67108864 op, 599816600.00 ns, 8.9380 ns/op
WorkloadWarmup   2: 67108864 op, 601043400.00 ns, 8.9562 ns/op
WorkloadWarmup   3: 67108864 op, 603760500.00 ns, 8.9967 ns/op
WorkloadWarmup   4: 67108864 op, 599819700.00 ns, 8.9380 ns/op
WorkloadWarmup   5: 67108864 op, 599641700.00 ns, 8.9354 ns/op

// BeforeActualRun
WorkloadActual   1: 67108864 op, 614075400.00 ns, 9.1504 ns/op
WorkloadActual   2: 67108864 op, 615138400.00 ns, 9.1663 ns/op
WorkloadActual   3: 67108864 op, 614243800.00 ns, 9.1529 ns/op
WorkloadActual   4: 67108864 op, 613578600.00 ns, 9.1430 ns/op
WorkloadActual   5: 67108864 op, 615907000.00 ns, 9.1777 ns/op
WorkloadActual   6: 67108864 op, 612544300.00 ns, 9.1276 ns/op
WorkloadActual   7: 67108864 op, 614992700.00 ns, 9.1641 ns/op
WorkloadActual   8: 67108864 op, 614658500.00 ns, 9.1591 ns/op
WorkloadActual   9: 67108864 op, 612125200.00 ns, 9.1214 ns/op
WorkloadActual  10: 67108864 op, 614624500.00 ns, 9.1586 ns/op
WorkloadActual  11: 67108864 op, 612607500.00 ns, 9.1286 ns/op
WorkloadActual  12: 67108864 op, 612761700.00 ns, 9.1309 ns/op
WorkloadActual  13: 67108864 op, 615490800.00 ns, 9.1715 ns/op
WorkloadActual  14: 67108864 op, 612239100.00 ns, 9.1231 ns/op
WorkloadActual  15: 67108864 op, 615498100.00 ns, 9.1716 ns/op

// AfterActualRun
WorkloadResult   1: 67108864 op, 543334000.00 ns, 8.0963 ns/op
WorkloadResult   2: 67108864 op, 544397000.00 ns, 8.1121 ns/op
WorkloadResult   3: 67108864 op, 543502400.00 ns, 8.0988 ns/op
WorkloadResult   4: 67108864 op, 542837200.00 ns, 8.0889 ns/op
WorkloadResult   5: 67108864 op, 545165600.00 ns, 8.1236 ns/op
WorkloadResult   6: 67108864 op, 541802900.00 ns, 8.0735 ns/op
WorkloadResult   7: 67108864 op, 544251300.00 ns, 8.1100 ns/op
WorkloadResult   8: 67108864 op, 543917100.00 ns, 8.1050 ns/op
WorkloadResult   9: 67108864 op, 541383800.00 ns, 8.0672 ns/op
WorkloadResult  10: 67108864 op, 543883100.00 ns, 8.1045 ns/op
WorkloadResult  11: 67108864 op, 541866100.00 ns, 8.0744 ns/op
WorkloadResult  12: 67108864 op, 542020300.00 ns, 8.0767 ns/op
WorkloadResult  13: 67108864 op, 544749400.00 ns, 8.1174 ns/op
WorkloadResult  14: 67108864 op, 541497700.00 ns, 8.0689 ns/op
WorkloadResult  15: 67108864 op, 544756700.00 ns, 8.1175 ns/op
// GC:  0 0 0 400 67108864
// Threading:  0 0 67108864

// AfterAll
// Benchmark Process 4984 has exited with code 0.

Mean = 8.096 ns, StdErr = 0.005 ns (0.06%), N = 15, StdDev = 0.019 ns
Min = 8.067 ns, Q1 = 8.076 ns, Median = 8.099 ns, Q3 = 8.111 ns, Max = 8.124 ns
IQR = 0.035 ns, LowerFence = 8.022 ns, UpperFence = 8.164 ns
ConfidenceInterval = [8.075 ns; 8.116 ns] (CI 99.9%), Margin = 0.021 ns (0.26% of Mean)
Skewness = -0.17, Kurtosis = 1.39, MValue = 2

// ** Remained 4 (66.7 %) benchmark(s) to run. Estimated finish 2026-08-06 14:43 (0h 1m from now) **
Setup power plan (GUID: 8c5e7fda-e8bf-4a96-9a85-a6e23a8c635c FriendlyName: Alto rendimiento)
// **************************
// Benchmark: OverheadBenchmarks.'Write velocity (native)': Job-DYQPBP(IterationCount=15, WarmupCount=5)
// *** Execute ***
// Launch: 1 / 1
// Execute: dotnet 31f827c6-024c-456e-ac35-ed4974244447.dll --anonymousPipes 2152 1988 --benchmarkName Box3D.Benchmarks.OverheadBenchmarks.WriteVelocityNative --job "IterationCount=15, WarmupCount=5" --benchmarkId 2 in C:\Users\Miguel\Desktop\Proyectos\Box3D.NET\src\Box3D.NET.Benchmarks\bin\Release\net8.0\31f827c6-024c-456e-ac35-ed4974244447\bin\Release\net10.0
// BeforeAnythingElse

// Benchmark Process Environment Information:
// BenchmarkDotNet v0.14.0
// Runtime=.NET 10.0.10 (10.0.1026.32716), X64 RyuJIT AVX-512F+CD+BW+DQ+VL+VBMI
// GC=Concurrent Workstation
// HardwareIntrinsics=AVX-512F+CD+BW+DQ+VL+VBMI,AES,BMI1,BMI2,FMA,LZCNT,PCLMUL,POPCNT VectorSize=256
// Job: Job-ZIDNNG(IterationCount=15, WarmupCount=5)

OverheadJitting  1: 1 op, 173800.00 ns, 173.8000 us/op
WorkloadJitting  1: 1 op, 179100.00 ns, 179.1000 us/op

OverheadJitting  2: 16 op, 167000.00 ns, 10.4375 us/op
WorkloadJitting  2: 16 op, 165700.00 ns, 10.3563 us/op

WorkloadPilot    1: 16 op, 600.00 ns, 37.5000 ns/op
WorkloadPilot    2: 32 op, 800.00 ns, 25.0000 ns/op
WorkloadPilot    3: 64 op, 1900.00 ns, 29.6875 ns/op
WorkloadPilot    4: 128 op, 2100.00 ns, 16.4063 ns/op
WorkloadPilot    5: 256 op, 3700.00 ns, 14.4531 ns/op
WorkloadPilot    6: 512 op, 7300.00 ns, 14.2578 ns/op
WorkloadPilot    7: 1024 op, 14000.00 ns, 13.6719 ns/op
WorkloadPilot    8: 2048 op, 27800.00 ns, 13.5742 ns/op
WorkloadPilot    9: 4096 op, 55600.00 ns, 13.5742 ns/op
WorkloadPilot   10: 8192 op, 110900.00 ns, 13.5376 ns/op
WorkloadPilot   11: 16384 op, 240900.00 ns, 14.7034 ns/op
WorkloadPilot   12: 32768 op, 444800.00 ns, 13.5742 ns/op
WorkloadPilot   13: 65536 op, 885700.00 ns, 13.5147 ns/op
WorkloadPilot   14: 131072 op, 1778900.00 ns, 13.5719 ns/op
WorkloadPilot   15: 262144 op, 4362000.00 ns, 16.6397 ns/op
WorkloadPilot   16: 524288 op, 7607700.00 ns, 14.5105 ns/op
WorkloadPilot   17: 1048576 op, 14192000.00 ns, 13.5345 ns/op
WorkloadPilot   18: 2097152 op, 28435000.00 ns, 13.5589 ns/op
WorkloadPilot   19: 4194304 op, 57405800.00 ns, 13.6866 ns/op
WorkloadPilot   20: 8388608 op, 70752600.00 ns, 8.4344 ns/op
WorkloadPilot   21: 16777216 op, 117102900.00 ns, 6.9799 ns/op
WorkloadPilot   22: 33554432 op, 236207700.00 ns, 7.0395 ns/op
WorkloadPilot   23: 67108864 op, 468988000.00 ns, 6.9885 ns/op
WorkloadPilot   24: 134217728 op, 942115100.00 ns, 7.0193 ns/op

OverheadWarmup   1: 134217728 op, 192898400.00 ns, 1.4372 ns/op
OverheadWarmup   2: 134217728 op, 237453100.00 ns, 1.7692 ns/op
OverheadWarmup   3: 134217728 op, 139626700.00 ns, 1.0403 ns/op
OverheadWarmup   4: 134217728 op, 137663900.00 ns, 1.0257 ns/op
OverheadWarmup   5: 134217728 op, 137725400.00 ns, 1.0261 ns/op
OverheadWarmup   6: 134217728 op, 139986900.00 ns, 1.0430 ns/op
OverheadWarmup   7: 134217728 op, 138259700.00 ns, 1.0301 ns/op

OverheadActual   1: 134217728 op, 138047200.00 ns, 1.0285 ns/op
OverheadActual   2: 134217728 op, 137832900.00 ns, 1.0269 ns/op
OverheadActual   3: 134217728 op, 138042700.00 ns, 1.0285 ns/op
OverheadActual   4: 134217728 op, 138587200.00 ns, 1.0326 ns/op
OverheadActual   5: 134217728 op, 139048000.00 ns, 1.0360 ns/op
OverheadActual   6: 134217728 op, 138550400.00 ns, 1.0323 ns/op
OverheadActual   7: 134217728 op, 137726500.00 ns, 1.0261 ns/op
OverheadActual   8: 134217728 op, 137922200.00 ns, 1.0276 ns/op
OverheadActual   9: 134217728 op, 137640300.00 ns, 1.0255 ns/op
OverheadActual  10: 134217728 op, 138135200.00 ns, 1.0292 ns/op
OverheadActual  11: 134217728 op, 140412000.00 ns, 1.0462 ns/op
OverheadActual  12: 134217728 op, 138201400.00 ns, 1.0297 ns/op
OverheadActual  13: 134217728 op, 138491900.00 ns, 1.0318 ns/op
OverheadActual  14: 134217728 op, 137955100.00 ns, 1.0278 ns/op
OverheadActual  15: 134217728 op, 138022100.00 ns, 1.0283 ns/op

WorkloadWarmup   1: 134217728 op, 957402400.00 ns, 7.1332 ns/op
WorkloadWarmup   2: 134217728 op, 940262700.00 ns, 7.0055 ns/op
WorkloadWarmup   3: 134217728 op, 949707800.00 ns, 7.0759 ns/op
WorkloadWarmup   4: 134217728 op, 946481800.00 ns, 7.0518 ns/op
WorkloadWarmup   5: 134217728 op, 938996000.00 ns, 6.9961 ns/op

// BeforeActualRun
WorkloadActual   1: 134217728 op, 944870300.00 ns, 7.0398 ns/op
WorkloadActual   2: 134217728 op, 939960500.00 ns, 7.0033 ns/op
WorkloadActual   3: 134217728 op, 939213400.00 ns, 6.9977 ns/op
WorkloadActual   4: 134217728 op, 939777500.00 ns, 7.0019 ns/op
WorkloadActual   5: 134217728 op, 936491100.00 ns, 6.9774 ns/op
WorkloadActual   6: 134217728 op, 947775700.00 ns, 7.0615 ns/op
WorkloadActual   7: 134217728 op, 945062400.00 ns, 7.0413 ns/op
WorkloadActual   8: 134217728 op, 939559600.00 ns, 7.0003 ns/op
WorkloadActual   9: 134217728 op, 945303400.00 ns, 7.0431 ns/op
WorkloadActual  10: 134217728 op, 939962700.00 ns, 7.0033 ns/op
WorkloadActual  11: 134217728 op, 940276100.00 ns, 7.0056 ns/op
WorkloadActual  12: 134217728 op, 941154100.00 ns, 7.0121 ns/op
WorkloadActual  13: 134217728 op, 950278900.00 ns, 7.0801 ns/op
WorkloadActual  14: 134217728 op, 940592000.00 ns, 7.0080 ns/op
WorkloadActual  15: 134217728 op, 948143400.00 ns, 7.0642 ns/op

// AfterActualRun
WorkloadResult   1: 134217728 op, 806823100.00 ns, 6.0113 ns/op
WorkloadResult   2: 134217728 op, 801913300.00 ns, 5.9747 ns/op
WorkloadResult   3: 134217728 op, 801166200.00 ns, 5.9692 ns/op
WorkloadResult   4: 134217728 op, 801730300.00 ns, 5.9734 ns/op
WorkloadResult   5: 134217728 op, 798443900.00 ns, 5.9489 ns/op
WorkloadResult   6: 134217728 op, 809728500.00 ns, 6.0329 ns/op
WorkloadResult   7: 134217728 op, 807015200.00 ns, 6.0127 ns/op
WorkloadResult   8: 134217728 op, 801512400.00 ns, 5.9717 ns/op
WorkloadResult   9: 134217728 op, 807256200.00 ns, 6.0145 ns/op
WorkloadResult  10: 134217728 op, 801915500.00 ns, 5.9747 ns/op
WorkloadResult  11: 134217728 op, 802228900.00 ns, 5.9771 ns/op
WorkloadResult  12: 134217728 op, 803106900.00 ns, 5.9836 ns/op
WorkloadResult  13: 134217728 op, 812231700.00 ns, 6.0516 ns/op
WorkloadResult  14: 134217728 op, 802544800.00 ns, 5.9794 ns/op
WorkloadResult  15: 134217728 op, 810096200.00 ns, 6.0357 ns/op
// GC:  0 0 0 112 134217728
// Threading:  0 0 134217728

// AfterAll
// Benchmark Process 5076 has exited with code 0.

Mean = 5.994 ns, StdErr = 0.008 ns (0.13%), N = 15, StdDev = 0.030 ns
Min = 5.949 ns, Q1 = 5.974 ns, Median = 5.979 ns, Q3 = 6.014 ns, Max = 6.052 ns
IQR = 0.040 ns, LowerFence = 5.915 ns, UpperFence = 6.073 ns
ConfidenceInterval = [5.962 ns; 6.026 ns] (CI 99.9%), Margin = 0.032 ns (0.53% of Mean)
Skewness = 0.47, Kurtosis = 1.82, MValue = 2

// ** Remained 3 (50.0 %) benchmark(s) to run. Estimated finish 2026-08-06 14:44 (0h 0m from now) **
Setup power plan (GUID: 8c5e7fda-e8bf-4a96-9a85-a6e23a8c635c FriendlyName: Alto rendimiento)
// **************************
// Benchmark: OverheadBenchmarks.'Write velocity (wrapper)': Job-DYQPBP(IterationCount=15, WarmupCount=5)
// *** Execute ***
// Launch: 1 / 1
// Execute: dotnet 31f827c6-024c-456e-ac35-ed4974244447.dll --anonymousPipes 2108 1968 --benchmarkName Box3D.Benchmarks.OverheadBenchmarks.WriteVelocityWrapper --job "IterationCount=15, WarmupCount=5" --benchmarkId 3 in C:\Users\Miguel\Desktop\Proyectos\Box3D.NET\src\Box3D.NET.Benchmarks\bin\Release\net8.0\31f827c6-024c-456e-ac35-ed4974244447\bin\Release\net10.0
// BeforeAnythingElse

// Benchmark Process Environment Information:
// BenchmarkDotNet v0.14.0
// Runtime=.NET 10.0.10 (10.0.1026.32716), X64 RyuJIT AVX-512F+CD+BW+DQ+VL+VBMI
// GC=Concurrent Workstation
// HardwareIntrinsics=AVX-512F+CD+BW+DQ+VL+VBMI,AES,BMI1,BMI2,FMA,LZCNT,PCLMUL,POPCNT VectorSize=256
// Job: Job-CVWZQO(IterationCount=15, WarmupCount=5)

OverheadJitting  1: 1 op, 218000.00 ns, 218.0000 us/op
WorkloadJitting  1: 1 op, 228200.00 ns, 228.2000 us/op

OverheadJitting  2: 16 op, 130400.00 ns, 8.1500 us/op
WorkloadJitting  2: 16 op, 128300.00 ns, 8.0188 us/op

WorkloadPilot    1: 16 op, 900.00 ns, 56.2500 ns/op
WorkloadPilot    2: 32 op, 1100.00 ns, 34.3750 ns/op
WorkloadPilot    3: 64 op, 1100.00 ns, 17.1875 ns/op
WorkloadPilot    4: 128 op, 2000.00 ns, 15.6250 ns/op
WorkloadPilot    5: 256 op, 4100.00 ns, 16.0156 ns/op
WorkloadPilot    6: 512 op, 7900.00 ns, 15.4297 ns/op
WorkloadPilot    7: 1024 op, 15400.00 ns, 15.0391 ns/op
WorkloadPilot    8: 2048 op, 30700.00 ns, 14.9902 ns/op
WorkloadPilot    9: 4096 op, 61300.00 ns, 14.9658 ns/op
WorkloadPilot   10: 8192 op, 123000.00 ns, 15.0146 ns/op
WorkloadPilot   11: 16384 op, 247100.00 ns, 15.0818 ns/op
WorkloadPilot   12: 32768 op, 605500.00 ns, 18.4784 ns/op
WorkloadPilot   13: 65536 op, 1215700.00 ns, 18.5501 ns/op
WorkloadPilot   14: 131072 op, 2052400.00 ns, 15.6586 ns/op
WorkloadPilot   15: 262144 op, 4098000.00 ns, 15.6326 ns/op
WorkloadPilot   16: 524288 op, 8317500.00 ns, 15.8644 ns/op
WorkloadPilot   17: 1048576 op, 16117400.00 ns, 15.3708 ns/op
WorkloadPilot   18: 2097152 op, 32467700.00 ns, 15.4818 ns/op
WorkloadPilot   19: 4194304 op, 65871900.00 ns, 15.7051 ns/op
WorkloadPilot   20: 8388608 op, 74796200.00 ns, 8.9164 ns/op
WorkloadPilot   21: 16777216 op, 132048900.00 ns, 7.8707 ns/op
WorkloadPilot   22: 33554432 op, 268250200.00 ns, 7.9945 ns/op
WorkloadPilot   23: 67108864 op, 530107600.00 ns, 7.8992 ns/op

OverheadWarmup   1: 67108864 op, 96503100.00 ns, 1.4380 ns/op
OverheadWarmup   2: 67108864 op, 96316000.00 ns, 1.4352 ns/op
OverheadWarmup   3: 67108864 op, 112654400.00 ns, 1.6787 ns/op
OverheadWarmup   4: 67108864 op, 69464400.00 ns, 1.0351 ns/op
OverheadWarmup   5: 67108864 op, 68300200.00 ns, 1.0178 ns/op
OverheadWarmup   6: 67108864 op, 68248200.00 ns, 1.0170 ns/op
OverheadWarmup   7: 67108864 op, 68712200.00 ns, 1.0239 ns/op
OverheadWarmup   8: 67108864 op, 68590000.00 ns, 1.0221 ns/op

OverheadActual   1: 67108864 op, 68427100.00 ns, 1.0196 ns/op
OverheadActual   2: 67108864 op, 68150800.00 ns, 1.0155 ns/op
OverheadActual   3: 67108864 op, 68353200.00 ns, 1.0185 ns/op
OverheadActual   4: 67108864 op, 69369900.00 ns, 1.0337 ns/op
OverheadActual   5: 67108864 op, 68002900.00 ns, 1.0133 ns/op
OverheadActual   6: 67108864 op, 68583800.00 ns, 1.0220 ns/op
OverheadActual   7: 67108864 op, 70193800.00 ns, 1.0460 ns/op
OverheadActual   8: 67108864 op, 68647500.00 ns, 1.0229 ns/op
OverheadActual   9: 67108864 op, 68394500.00 ns, 1.0192 ns/op
OverheadActual  10: 67108864 op, 68093100.00 ns, 1.0147 ns/op
OverheadActual  11: 67108864 op, 70387700.00 ns, 1.0489 ns/op
OverheadActual  12: 67108864 op, 68576500.00 ns, 1.0219 ns/op
OverheadActual  13: 67108864 op, 68692500.00 ns, 1.0236 ns/op
OverheadActual  14: 67108864 op, 68787100.00 ns, 1.0250 ns/op
OverheadActual  15: 67108864 op, 68805900.00 ns, 1.0253 ns/op

WorkloadWarmup   1: 67108864 op, 512607900.00 ns, 7.6385 ns/op
WorkloadWarmup   2: 67108864 op, 511325100.00 ns, 7.6193 ns/op
WorkloadWarmup   3: 67108864 op, 507120500.00 ns, 7.5567 ns/op
WorkloadWarmup   4: 67108864 op, 511807800.00 ns, 7.6265 ns/op
WorkloadWarmup   5: 67108864 op, 509625800.00 ns, 7.5940 ns/op

// BeforeActualRun
WorkloadActual   1: 67108864 op, 515077800.00 ns, 7.6753 ns/op
WorkloadActual   2: 67108864 op, 514235500.00 ns, 7.6627 ns/op
WorkloadActual   3: 67108864 op, 511149300.00 ns, 7.6167 ns/op
WorkloadActual   4: 67108864 op, 514936400.00 ns, 7.6732 ns/op
WorkloadActual   5: 67108864 op, 515564300.00 ns, 7.6825 ns/op
WorkloadActual   6: 67108864 op, 513287200.00 ns, 7.6486 ns/op
WorkloadActual   7: 67108864 op, 512277500.00 ns, 7.6335 ns/op
WorkloadActual   8: 67108864 op, 509062300.00 ns, 7.5856 ns/op
WorkloadActual   9: 67108864 op, 516921100.00 ns, 7.7027 ns/op
WorkloadActual  10: 67108864 op, 511071500.00 ns, 7.6156 ns/op
WorkloadActual  11: 67108864 op, 514427900.00 ns, 7.6656 ns/op
WorkloadActual  12: 67108864 op, 509634300.00 ns, 7.5941 ns/op
WorkloadActual  13: 67108864 op, 512669900.00 ns, 7.6394 ns/op
WorkloadActual  14: 67108864 op, 514740400.00 ns, 7.6702 ns/op
WorkloadActual  15: 67108864 op, 515934100.00 ns, 7.6880 ns/op

// AfterActualRun
WorkloadResult   1: 67108864 op, 446494000.00 ns, 6.6533 ns/op
WorkloadResult   2: 67108864 op, 445651700.00 ns, 6.6407 ns/op
WorkloadResult   3: 67108864 op, 442565500.00 ns, 6.5947 ns/op
WorkloadResult   4: 67108864 op, 446352600.00 ns, 6.6512 ns/op
WorkloadResult   5: 67108864 op, 446980500.00 ns, 6.6605 ns/op
WorkloadResult   6: 67108864 op, 444703400.00 ns, 6.6266 ns/op
WorkloadResult   7: 67108864 op, 443693700.00 ns, 6.6116 ns/op
WorkloadResult   8: 67108864 op, 440478500.00 ns, 6.5636 ns/op
WorkloadResult   9: 67108864 op, 448337300.00 ns, 6.6807 ns/op
WorkloadResult  10: 67108864 op, 442487700.00 ns, 6.5936 ns/op
WorkloadResult  11: 67108864 op, 445844100.00 ns, 6.6436 ns/op
WorkloadResult  12: 67108864 op, 441050500.00 ns, 6.5722 ns/op
WorkloadResult  13: 67108864 op, 444086100.00 ns, 6.6174 ns/op
WorkloadResult  14: 67108864 op, 446156600.00 ns, 6.6483 ns/op
WorkloadResult  15: 67108864 op, 447350300.00 ns, 6.6660 ns/op
// GC:  0 0 0 400 67108864
// Threading:  0 0 67108864

// AfterAll
// Benchmark Process 25368 has exited with code 0.

Mean = 6.628 ns, StdErr = 0.009 ns (0.14%), N = 15, StdDev = 0.035 ns
Min = 6.564 ns, Q1 = 6.603 ns, Median = 6.641 ns, Q3 = 6.652 ns, Max = 6.681 ns
IQR = 0.049 ns, LowerFence = 6.530 ns, UpperFence = 6.726 ns
ConfidenceInterval = [6.591 ns; 6.666 ns] (CI 99.9%), Margin = 0.037 ns (0.57% of Mean)
Skewness = -0.4, Kurtosis = 1.84, MValue = 2

// ** Remained 2 (33.3 %) benchmark(s) to run. Estimated finish 2026-08-06 14:44 (0h 0m from now) **
Setup power plan (GUID: 8c5e7fda-e8bf-4a96-9a85-a6e23a8c635c FriendlyName: Alto rendimiento)
// **************************
// Benchmark: OverheadBenchmarks.'Apply force (native)': Job-DYQPBP(IterationCount=15, WarmupCount=5)
// *** Execute ***
// Launch: 1 / 1
// Execute: dotnet 31f827c6-024c-456e-ac35-ed4974244447.dll --anonymousPipes 1948 2244 --benchmarkName Box3D.Benchmarks.OverheadBenchmarks.ApplyForceNative --job "IterationCount=15, WarmupCount=5" --benchmarkId 4 in C:\Users\Miguel\Desktop\Proyectos\Box3D.NET\src\Box3D.NET.Benchmarks\bin\Release\net8.0\31f827c6-024c-456e-ac35-ed4974244447\bin\Release\net10.0
// BeforeAnythingElse

// Benchmark Process Environment Information:
// BenchmarkDotNet v0.14.0
// Runtime=.NET 10.0.10 (10.0.1026.32716), X64 RyuJIT AVX-512F+CD+BW+DQ+VL+VBMI
// GC=Concurrent Workstation
// HardwareIntrinsics=AVX-512F+CD+BW+DQ+VL+VBMI,AES,BMI1,BMI2,FMA,LZCNT,PCLMUL,POPCNT VectorSize=256
// Job: Job-KRCSZF(IterationCount=15, WarmupCount=5)

OverheadJitting  1: 1 op, 183700.00 ns, 183.7000 us/op
WorkloadJitting  1: 1 op, 242300.00 ns, 242.3000 us/op

OverheadJitting  2: 16 op, 162300.00 ns, 10.1438 us/op
WorkloadJitting  2: 16 op, 142700.00 ns, 8.9188 us/op

WorkloadPilot    1: 16 op, 700.00 ns, 43.7500 ns/op
WorkloadPilot    2: 32 op, 800.00 ns, 25.0000 ns/op
WorkloadPilot    3: 64 op, 900.00 ns, 14.0625 ns/op
WorkloadPilot    4: 128 op, 1600.00 ns, 12.5000 ns/op
WorkloadPilot    5: 256 op, 4400.00 ns, 17.1875 ns/op
WorkloadPilot    6: 512 op, 6300.00 ns, 12.3047 ns/op
WorkloadPilot    7: 1024 op, 11700.00 ns, 11.4258 ns/op
WorkloadPilot    8: 2048 op, 23300.00 ns, 11.3770 ns/op
WorkloadPilot    9: 4096 op, 46400.00 ns, 11.3281 ns/op
WorkloadPilot   10: 8192 op, 91300.00 ns, 11.1450 ns/op
WorkloadPilot   11: 16384 op, 185600.00 ns, 11.3281 ns/op
WorkloadPilot   12: 32768 op, 370900.00 ns, 11.3190 ns/op
WorkloadPilot   13: 65536 op, 728900.00 ns, 11.1221 ns/op
WorkloadPilot   14: 131072 op, 1514400.00 ns, 11.5540 ns/op
WorkloadPilot   15: 262144 op, 3041300.00 ns, 11.6016 ns/op
WorkloadPilot   16: 524288 op, 6188800.00 ns, 11.8042 ns/op
WorkloadPilot   17: 1048576 op, 11733500.00 ns, 11.1899 ns/op
WorkloadPilot   18: 2097152 op, 24055200.00 ns, 11.4704 ns/op
WorkloadPilot   19: 4194304 op, 47692900.00 ns, 11.3709 ns/op
WorkloadPilot   20: 8388608 op, 79227400.00 ns, 9.4446 ns/op
WorkloadPilot   21: 16777216 op, 120908300.00 ns, 7.2067 ns/op
WorkloadPilot   22: 33554432 op, 240344800.00 ns, 7.1628 ns/op
WorkloadPilot   23: 67108864 op, 483871700.00 ns, 7.2103 ns/op
WorkloadPilot   24: 134217728 op, 972442000.00 ns, 7.2453 ns/op

OverheadWarmup   1: 134217728 op, 192333500.00 ns, 1.4330 ns/op
OverheadWarmup   2: 134217728 op, 236155600.00 ns, 1.7595 ns/op
OverheadWarmup   3: 134217728 op, 136084500.00 ns, 1.0139 ns/op
OverheadWarmup   4: 134217728 op, 136854400.00 ns, 1.0196 ns/op
OverheadWarmup   5: 134217728 op, 136068900.00 ns, 1.0138 ns/op

OverheadActual   1: 134217728 op, 136029000.00 ns, 1.0135 ns/op
OverheadActual   2: 134217728 op, 136628800.00 ns, 1.0180 ns/op
OverheadActual   3: 134217728 op, 136270500.00 ns, 1.0153 ns/op
OverheadActual   4: 134217728 op, 136593600.00 ns, 1.0177 ns/op
OverheadActual   5: 134217728 op, 136275900.00 ns, 1.0153 ns/op
OverheadActual   6: 134217728 op, 136286700.00 ns, 1.0154 ns/op
OverheadActual   7: 134217728 op, 136616800.00 ns, 1.0179 ns/op
OverheadActual   8: 134217728 op, 137974600.00 ns, 1.0280 ns/op
OverheadActual   9: 134217728 op, 136496700.00 ns, 1.0170 ns/op
OverheadActual  10: 134217728 op, 137315700.00 ns, 1.0231 ns/op
OverheadActual  11: 134217728 op, 137234300.00 ns, 1.0225 ns/op
OverheadActual  12: 134217728 op, 136089300.00 ns, 1.0139 ns/op
OverheadActual  13: 134217728 op, 136835500.00 ns, 1.0195 ns/op
OverheadActual  14: 134217728 op, 136999100.00 ns, 1.0207 ns/op
OverheadActual  15: 134217728 op, 136500000.00 ns, 1.0170 ns/op

WorkloadWarmup   1: 134217728 op, 967275500.00 ns, 7.2068 ns/op
WorkloadWarmup   2: 134217728 op, 959212800.00 ns, 7.1467 ns/op
WorkloadWarmup   3: 134217728 op, 961408800.00 ns, 7.1631 ns/op
WorkloadWarmup   4: 134217728 op, 968989500.00 ns, 7.2195 ns/op
WorkloadWarmup   5: 134217728 op, 959938800.00 ns, 7.1521 ns/op

// BeforeActualRun
WorkloadActual   1: 134217728 op, 970279400.00 ns, 7.2291 ns/op
WorkloadActual   2: 134217728 op, 964346200.00 ns, 7.1849 ns/op
WorkloadActual   3: 134217728 op, 969339000.00 ns, 7.2221 ns/op
WorkloadActual   4: 134217728 op, 980648900.00 ns, 7.3064 ns/op
WorkloadActual   5: 134217728 op, 972622900.00 ns, 7.2466 ns/op
WorkloadActual   6: 134217728 op, 963436800.00 ns, 7.1782 ns/op
WorkloadActual   7: 134217728 op, 971883500.00 ns, 7.2411 ns/op
WorkloadActual   8: 134217728 op, 962175900.00 ns, 7.1688 ns/op
WorkloadActual   9: 134217728 op, 966558700.00 ns, 7.2014 ns/op
WorkloadActual  10: 134217728 op, 961705400.00 ns, 7.1653 ns/op
WorkloadActual  11: 134217728 op, 973580300.00 ns, 7.2537 ns/op
WorkloadActual  12: 134217728 op, 975360100.00 ns, 7.2670 ns/op
WorkloadActual  13: 134217728 op, 966473700.00 ns, 7.2008 ns/op
WorkloadActual  14: 134217728 op, 966711500.00 ns, 7.2026 ns/op
WorkloadActual  15: 134217728 op, 965830300.00 ns, 7.1960 ns/op

// AfterActualRun
WorkloadResult   1: 134217728 op, 833685800.00 ns, 6.2114 ns/op
WorkloadResult   2: 134217728 op, 827752600.00 ns, 6.1672 ns/op
WorkloadResult   3: 134217728 op, 832745400.00 ns, 6.2044 ns/op
WorkloadResult   4: 134217728 op, 844055300.00 ns, 6.2887 ns/op
WorkloadResult   5: 134217728 op, 836029300.00 ns, 6.2289 ns/op
WorkloadResult   6: 134217728 op, 826843200.00 ns, 6.1605 ns/op
WorkloadResult   7: 134217728 op, 835289900.00 ns, 6.2234 ns/op
WorkloadResult   8: 134217728 op, 825582300.00 ns, 6.1511 ns/op
WorkloadResult   9: 134217728 op, 829965100.00 ns, 6.1837 ns/op
WorkloadResult  10: 134217728 op, 825111800.00 ns, 6.1476 ns/op
WorkloadResult  11: 134217728 op, 836986700.00 ns, 6.2360 ns/op
WorkloadResult  12: 134217728 op, 838766500.00 ns, 6.2493 ns/op
WorkloadResult  13: 134217728 op, 829880100.00 ns, 6.1831 ns/op
WorkloadResult  14: 134217728 op, 830117900.00 ns, 6.1849 ns/op
WorkloadResult  15: 134217728 op, 829236700.00 ns, 6.1783 ns/op
// GC:  0 0 0 400 134217728
// Threading:  0 0 134217728

// AfterAll
// Benchmark Process 22936 has exited with code 0.

Mean = 6.200 ns, StdErr = 0.010 ns (0.17%), N = 15, StdDev = 0.040 ns
Min = 6.148 ns, Q1 = 6.173 ns, Median = 6.185 ns, Q3 = 6.226 ns, Max = 6.289 ns
IQR = 0.053 ns, LowerFence = 6.093 ns, UpperFence = 6.306 ns
ConfidenceInterval = [6.157 ns; 6.242 ns] (CI 99.9%), Margin = 0.043 ns (0.69% of Mean)
Skewness = 0.56, Kurtosis = 2.34, MValue = 2

// ** Remained 1 (16.7 %) benchmark(s) to run. Estimated finish 2026-08-06 14:44 (0h 0m from now) **
Setup power plan (GUID: 8c5e7fda-e8bf-4a96-9a85-a6e23a8c635c FriendlyName: Alto rendimiento)
// **************************
// Benchmark: OverheadBenchmarks.'Apply force (wrapper)': Job-DYQPBP(IterationCount=15, WarmupCount=5)
// *** Execute ***
// Launch: 1 / 1
// Execute: dotnet 31f827c6-024c-456e-ac35-ed4974244447.dll --anonymousPipes 2260 2248 --benchmarkName Box3D.Benchmarks.OverheadBenchmarks.ApplyForceWrapper --job "IterationCount=15, WarmupCount=5" --benchmarkId 5 in C:\Users\Miguel\Desktop\Proyectos\Box3D.NET\src\Box3D.NET.Benchmarks\bin\Release\net8.0\31f827c6-024c-456e-ac35-ed4974244447\bin\Release\net10.0
// BeforeAnythingElse

// Benchmark Process Environment Information:
// BenchmarkDotNet v0.14.0
// Runtime=.NET 10.0.10 (10.0.1026.32716), X64 RyuJIT AVX-512F+CD+BW+DQ+VL+VBMI
// GC=Concurrent Workstation
// HardwareIntrinsics=AVX-512F+CD+BW+DQ+VL+VBMI,AES,BMI1,BMI2,FMA,LZCNT,PCLMUL,POPCNT VectorSize=256
// Job: Job-JEVEIY(IterationCount=15, WarmupCount=5)

OverheadJitting  1: 1 op, 175500.00 ns, 175.5000 us/op
WorkloadJitting  1: 1 op, 218400.00 ns, 218.4000 us/op

OverheadJitting  2: 16 op, 131000.00 ns, 8.1875 us/op
WorkloadJitting  2: 16 op, 129500.00 ns, 8.0938 us/op

WorkloadPilot    1: 16 op, 1000.00 ns, 62.5000 ns/op
WorkloadPilot    2: 32 op, 1300.00 ns, 40.6250 ns/op
WorkloadPilot    3: 64 op, 1500.00 ns, 23.4375 ns/op
WorkloadPilot    4: 128 op, 2900.00 ns, 22.6563 ns/op
WorkloadPilot    5: 256 op, 5600.00 ns, 21.8750 ns/op
WorkloadPilot    6: 512 op, 11000.00 ns, 21.4844 ns/op
WorkloadPilot    7: 1024 op, 22000.00 ns, 21.4844 ns/op
WorkloadPilot    8: 2048 op, 43700.00 ns, 21.3379 ns/op
WorkloadPilot    9: 4096 op, 87100.00 ns, 21.2646 ns/op
WorkloadPilot   10: 8192 op, 173900.00 ns, 21.2280 ns/op
WorkloadPilot   11: 16384 op, 347100.00 ns, 21.1853 ns/op
WorkloadPilot   12: 32768 op, 699500.00 ns, 21.3470 ns/op
WorkloadPilot   13: 65536 op, 1769100.00 ns, 26.9943 ns/op
WorkloadPilot   14: 131072 op, 3514700.00 ns, 26.8150 ns/op
WorkloadPilot   15: 262144 op, 5955700.00 ns, 22.7192 ns/op
WorkloadPilot   16: 524288 op, 11295800.00 ns, 21.5450 ns/op
WorkloadPilot   17: 1048576 op, 22313800.00 ns, 21.2801 ns/op
WorkloadPilot   18: 2097152 op, 44966600.00 ns, 21.4417 ns/op
WorkloadPilot   19: 4194304 op, 66784300.00 ns, 15.9226 ns/op
WorkloadPilot   20: 8388608 op, 65710100.00 ns, 7.8333 ns/op
WorkloadPilot   21: 16777216 op, 131287700.00 ns, 7.8254 ns/op
WorkloadPilot   22: 33554432 op, 264142300.00 ns, 7.8721 ns/op
WorkloadPilot   23: 67108864 op, 523616100.00 ns, 7.8025 ns/op

OverheadWarmup   1: 67108864 op, 96677400.00 ns, 1.4406 ns/op
OverheadWarmup   2: 67108864 op, 97234100.00 ns, 1.4489 ns/op
OverheadWarmup   3: 67108864 op, 117581700.00 ns, 1.7521 ns/op
OverheadWarmup   4: 67108864 op, 69797400.00 ns, 1.0401 ns/op
OverheadWarmup   5: 67108864 op, 68792500.00 ns, 1.0251 ns/op
OverheadWarmup   6: 67108864 op, 69796400.00 ns, 1.0400 ns/op
OverheadWarmup   7: 67108864 op, 68848700.00 ns, 1.0259 ns/op

OverheadActual   1: 67108864 op, 69576700.00 ns, 1.0368 ns/op
OverheadActual   2: 67108864 op, 69169900.00 ns, 1.0307 ns/op
OverheadActual   3: 67108864 op, 69166900.00 ns, 1.0307 ns/op
OverheadActual   4: 67108864 op, 70038800.00 ns, 1.0437 ns/op
OverheadActual   5: 67108864 op, 69633700.00 ns, 1.0376 ns/op
OverheadActual   6: 67108864 op, 69200200.00 ns, 1.0312 ns/op
OverheadActual   7: 67108864 op, 77513600.00 ns, 1.1550 ns/op
OverheadActual   8: 67108864 op, 69152100.00 ns, 1.0304 ns/op
OverheadActual   9: 67108864 op, 69151900.00 ns, 1.0304 ns/op
OverheadActual  10: 67108864 op, 69122900.00 ns, 1.0300 ns/op
OverheadActual  11: 67108864 op, 69018400.00 ns, 1.0285 ns/op
OverheadActual  12: 67108864 op, 69143700.00 ns, 1.0303 ns/op
OverheadActual  13: 67108864 op, 69897200.00 ns, 1.0415 ns/op
OverheadActual  14: 67108864 op, 69933400.00 ns, 1.0421 ns/op
OverheadActual  15: 67108864 op, 69671700.00 ns, 1.0382 ns/op

WorkloadWarmup   1: 67108864 op, 534912000.00 ns, 7.9708 ns/op
WorkloadWarmup   2: 67108864 op, 525887400.00 ns, 7.8363 ns/op
WorkloadWarmup   3: 67108864 op, 523875200.00 ns, 7.8063 ns/op
WorkloadWarmup   4: 67108864 op, 528178900.00 ns, 7.8705 ns/op
WorkloadWarmup   5: 67108864 op, 520665900.00 ns, 7.7585 ns/op

// BeforeActualRun
WorkloadActual   1: 67108864 op, 525250000.00 ns, 7.8268 ns/op
WorkloadActual   2: 67108864 op, 521201700.00 ns, 7.7665 ns/op
WorkloadActual   3: 67108864 op, 522588900.00 ns, 7.7872 ns/op
WorkloadActual   4: 67108864 op, 521411200.00 ns, 7.7696 ns/op
WorkloadActual   5: 67108864 op, 524404600.00 ns, 7.8142 ns/op
WorkloadActual   6: 67108864 op, 519039300.00 ns, 7.7343 ns/op
WorkloadActual   7: 67108864 op, 525329000.00 ns, 7.8280 ns/op
WorkloadActual   8: 67108864 op, 521005800.00 ns, 7.7636 ns/op
WorkloadActual   9: 67108864 op, 520408000.00 ns, 7.7547 ns/op
WorkloadActual  10: 67108864 op, 519426200.00 ns, 7.7401 ns/op
WorkloadActual  11: 67108864 op, 524670500.00 ns, 7.8182 ns/op
WorkloadActual  12: 67108864 op, 519754400.00 ns, 7.7449 ns/op
WorkloadActual  13: 67108864 op, 521282100.00 ns, 7.7677 ns/op
WorkloadActual  14: 67108864 op, 519195000.00 ns, 7.7366 ns/op
WorkloadActual  15: 67108864 op, 522261900.00 ns, 7.7823 ns/op

// AfterActualRun
WorkloadResult   1: 67108864 op, 456049800.00 ns, 6.7957 ns/op
WorkloadResult   2: 67108864 op, 452001500.00 ns, 6.7353 ns/op
WorkloadResult   3: 67108864 op, 453388700.00 ns, 6.7560 ns/op
WorkloadResult   4: 67108864 op, 452211000.00 ns, 6.7385 ns/op
WorkloadResult   5: 67108864 op, 455204400.00 ns, 6.7831 ns/op
WorkloadResult   6: 67108864 op, 449839100.00 ns, 6.7031 ns/op
WorkloadResult   7: 67108864 op, 456128800.00 ns, 6.7968 ns/op
WorkloadResult   8: 67108864 op, 451805600.00 ns, 6.7324 ns/op
WorkloadResult   9: 67108864 op, 451207800.00 ns, 6.7235 ns/op
WorkloadResult  10: 67108864 op, 450226000.00 ns, 6.7089 ns/op
WorkloadResult  11: 67108864 op, 455470300.00 ns, 6.7870 ns/op
WorkloadResult  12: 67108864 op, 450554200.00 ns, 6.7138 ns/op
WorkloadResult  13: 67108864 op, 452081900.00 ns, 6.7365 ns/op
WorkloadResult  14: 67108864 op, 449994800.00 ns, 6.7054 ns/op
WorkloadResult  15: 67108864 op, 453061700.00 ns, 6.7511 ns/op
// GC:  0 0 0 112 67108864
// Threading:  0 0 67108864

// AfterAll
// Benchmark Process 14828 has exited with code 0.

Mean = 6.744 ns, StdErr = 0.008 ns (0.13%), N = 15, StdDev = 0.033 ns
Min = 6.703 ns, Q1 = 6.719 ns, Median = 6.737 ns, Q3 = 6.770 ns, Max = 6.797 ns
IQR = 0.051 ns, LowerFence = 6.642 ns, UpperFence = 6.846 ns
ConfidenceInterval = [6.709 ns; 6.780 ns] (CI 99.9%), Margin = 0.035 ns (0.52% of Mean)
Skewness = 0.37, Kurtosis = 1.61, MValue = 2

// ** Remained 0 (0.0 %) benchmark(s) to run. Estimated finish 2026-08-06 14:44 (0h 0m from now) **
Successfully reverted power plan (GUID: 8c5e7fda-e8bf-4a96-9a85-a6e23a8c635c FriendlyName: Alto rendimiento)
// ***** BenchmarkRunner: Finish  *****

// * Export *
  BenchmarkDotNet.Artifacts\results\Box3D.Benchmarks.OverheadBenchmarks-report.csv
  BenchmarkDotNet.Artifacts\results\Box3D.Benchmarks.OverheadBenchmarks-report-github.md
  BenchmarkDotNet.Artifacts\results\Box3D.Benchmarks.OverheadBenchmarks-report.html

// * Detailed results *
OverheadBenchmarks.'Read position (native)': Job-DYQPBP(IterationCount=15, WarmupCount=5)
Runtime = .NET 10.0.10 (10.0.1026.32716), X64 RyuJIT AVX-512F+CD+BW+DQ+VL+VBMI; GC = Concurrent Workstation
Mean = 7.904 ns, StdErr = 0.005 ns (0.06%), N = 15, StdDev = 0.018 ns
Min = 7.885 ns, Q1 = 7.888 ns, Median = 7.902 ns, Q3 = 7.915 ns, Max = 7.952 ns
IQR = 0.027 ns, LowerFence = 7.848 ns, UpperFence = 7.954 ns
ConfidenceInterval = [7.884 ns; 7.924 ns] (CI 99.9%), Margin = 0.020 ns (0.25% of Mean)
Skewness = 0.96, Kurtosis = 3.46, MValue = 2
-------------------- Histogram --------------------
[7.875 ns ; 7.962 ns) | @@@@@@@@@@@@@@@
---------------------------------------------------

OverheadBenchmarks.'Read position (wrapper)': Job-DYQPBP(IterationCount=15, WarmupCount=5)
Runtime = .NET 10.0.10 (10.0.1026.32716), X64 RyuJIT AVX-512F+CD+BW+DQ+VL+VBMI; GC = Concurrent Workstation
Mean = 8.096 ns, StdErr = 0.005 ns (0.06%), N = 15, StdDev = 0.019 ns
Min = 8.067 ns, Q1 = 8.076 ns, Median = 8.099 ns, Q3 = 8.111 ns, Max = 8.124 ns
IQR = 0.035 ns, LowerFence = 8.022 ns, UpperFence = 8.164 ns
ConfidenceInterval = [8.075 ns; 8.116 ns] (CI 99.9%), Margin = 0.021 ns (0.26% of Mean)
Skewness = -0.17, Kurtosis = 1.39, MValue = 2
-------------------- Histogram --------------------
[8.057 ns ; 8.134 ns) | @@@@@@@@@@@@@@@
---------------------------------------------------

OverheadBenchmarks.'Write velocity (native)': Job-DYQPBP(IterationCount=15, WarmupCount=5)
Runtime = .NET 10.0.10 (10.0.1026.32716), X64 RyuJIT AVX-512F+CD+BW+DQ+VL+VBMI; GC = Concurrent Workstation
Mean = 5.994 ns, StdErr = 0.008 ns (0.13%), N = 15, StdDev = 0.030 ns
Min = 5.949 ns, Q1 = 5.974 ns, Median = 5.979 ns, Q3 = 6.014 ns, Max = 6.052 ns
IQR = 0.040 ns, LowerFence = 5.915 ns, UpperFence = 6.073 ns
ConfidenceInterval = [5.962 ns; 6.026 ns] (CI 99.9%), Margin = 0.032 ns (0.53% of Mean)
Skewness = 0.47, Kurtosis = 1.82, MValue = 2
-------------------- Histogram --------------------
[5.933 ns ; 6.068 ns) | @@@@@@@@@@@@@@@
---------------------------------------------------

OverheadBenchmarks.'Write velocity (wrapper)': Job-DYQPBP(IterationCount=15, WarmupCount=5)
Runtime = .NET 10.0.10 (10.0.1026.32716), X64 RyuJIT AVX-512F+CD+BW+DQ+VL+VBMI; GC = Concurrent Workstation
Mean = 6.628 ns, StdErr = 0.009 ns (0.14%), N = 15, StdDev = 0.035 ns
Min = 6.564 ns, Q1 = 6.603 ns, Median = 6.641 ns, Q3 = 6.652 ns, Max = 6.681 ns
IQR = 0.049 ns, LowerFence = 6.530 ns, UpperFence = 6.726 ns
ConfidenceInterval = [6.591 ns; 6.666 ns] (CI 99.9%), Margin = 0.037 ns (0.57% of Mean)
Skewness = -0.4, Kurtosis = 1.84, MValue = 2
-------------------- Histogram --------------------
[6.545 ns ; 6.700 ns) | @@@@@@@@@@@@@@@
---------------------------------------------------

OverheadBenchmarks.'Apply force (native)': Job-DYQPBP(IterationCount=15, WarmupCount=5)
Runtime = .NET 10.0.10 (10.0.1026.32716), X64 RyuJIT AVX-512F+CD+BW+DQ+VL+VBMI; GC = Concurrent Workstation
Mean = 6.200 ns, StdErr = 0.010 ns (0.17%), N = 15, StdDev = 0.040 ns
Min = 6.148 ns, Q1 = 6.173 ns, Median = 6.185 ns, Q3 = 6.226 ns, Max = 6.289 ns
IQR = 0.053 ns, LowerFence = 6.093 ns, UpperFence = 6.306 ns
ConfidenceInterval = [6.157 ns; 6.242 ns] (CI 99.9%), Margin = 0.043 ns (0.69% of Mean)
Skewness = 0.56, Kurtosis = 2.34, MValue = 2
-------------------- Histogram --------------------
[6.126 ns ; 6.310 ns) | @@@@@@@@@@@@@@@
---------------------------------------------------

OverheadBenchmarks.'Apply force (wrapper)': Job-DYQPBP(IterationCount=15, WarmupCount=5)
Runtime = .NET 10.0.10 (10.0.1026.32716), X64 RyuJIT AVX-512F+CD+BW+DQ+VL+VBMI; GC = Concurrent Workstation
Mean = 6.744 ns, StdErr = 0.008 ns (0.13%), N = 15, StdDev = 0.033 ns
Min = 6.703 ns, Q1 = 6.719 ns, Median = 6.737 ns, Q3 = 6.770 ns, Max = 6.797 ns
IQR = 0.051 ns, LowerFence = 6.642 ns, UpperFence = 6.846 ns
ConfidenceInterval = [6.709 ns; 6.780 ns] (CI 99.9%), Margin = 0.035 ns (0.52% of Mean)
Skewness = 0.37, Kurtosis = 1.61, MValue = 2
-------------------- Histogram --------------------
[6.686 ns ; 6.814 ns) | @@@@@@@@@@@@@@@
---------------------------------------------------

// * Summary *

BenchmarkDotNet v0.14.0, Windows 11 (10.0.26100.8875)
Unknown processor
.NET SDK 10.0.302
  [Host]     : .NET 10.0.10 (10.0.1026.32716), X64 RyuJIT AVX-512F+CD+BW+DQ+VL+VBMI
  Job-DYQPBP : .NET 10.0.10 (10.0.1026.32716), X64 RyuJIT AVX-512F+CD+BW+DQ+VL+VBMI

Job=Job-DYQPBP  IterationCount=15  WarmupCount=5  

| Method                     | Mean     | Ratio | Allocated | Alloc Ratio |
|--------------------------- |---------:|------:|----------:|------------:|
| 'Read position (native)'   | 7.904 ns |  1.00 |         - |          NA |
| 'Read position (wrapper)'  | 8.096 ns |  1.02 |         - |          NA |
| 'Write velocity (native)'  | 5.994 ns |  0.76 |         - |          NA |
| 'Write velocity (wrapper)' | 6.628 ns |  0.84 |         - |          NA |
| 'Apply force (native)'     | 6.200 ns |  0.78 |         - |          NA |
| 'Apply force (wrapper)'    | 6.744 ns |  0.85 |         - |          NA |

// * Hints *
HideColumnsAnalyser
  Summary -> Hidden columns: Error, StdDev

// * Legends *
  Mean        : Arithmetic mean of all measurements
  Ratio       : Mean of the ratio distribution ([Current]/[Baseline])
  Allocated   : Allocated memory per single operation (managed only, inclusive, 1KB = 1024B)
  Alloc Ratio : Allocated memory ratio distribution ([Current]/[Baseline])
  1 ns        : 1 Nanosecond (0.000000001 sec)

// * Diagnostic Output - MemoryDiagnoser *


// ***** BenchmarkRunner: End *****
Run time: 00:01:50 (110.86 sec), executed benchmarks: 6

Global total time: 00:01:58 (118.68 sec), executed benchmarks: 6
// * Artifacts cleanup *
Artifacts cleanup is finished
