// Validating benchmarks:
// ***** BenchmarkRunner: Start   *****
// ***** Found 3 benchmark(s) in total *****
// ***** Building 1 exe(s) in Parallel: Start   *****
// start dotnet  restore /p:UseSharedCompilation=false /p:BuildInParallel=false /m:1 /p:Deterministic=true /p:Optimize=true /p:IntermediateOutputPath="C:\Users\Miguel\Desktop\Proyectos\Box3D.NET\src\Box3D.NET.Benchmarks\bin\Release\net8.0\7902af72-997b-4e95-b397-881af18ef7d4\obj\Release\net10.0/" /p:OutDir="C:\Users\Miguel\Desktop\Proyectos\Box3D.NET\src\Box3D.NET.Benchmarks\bin\Release\net8.0\7902af72-997b-4e95-b397-881af18ef7d4\bin\Release\net10.0/" /p:OutputPath="C:\Users\Miguel\Desktop\Proyectos\Box3D.NET\src\Box3D.NET.Benchmarks\bin\Release\net8.0\7902af72-997b-4e95-b397-881af18ef7d4\bin\Release\net10.0/" in C:\Users\Miguel\Desktop\Proyectos\Box3D.NET\src\Box3D.NET.Benchmarks\bin\Release\net8.0\7902af72-997b-4e95-b397-881af18ef7d4
// command took 0.85 sec and exited with 0
// start dotnet  build -c Release --no-restore /p:UseSharedCompilation=false /p:BuildInParallel=false /m:1 /p:Deterministic=true /p:Optimize=true /p:IntermediateOutputPath="C:\Users\Miguel\Desktop\Proyectos\Box3D.NET\src\Box3D.NET.Benchmarks\bin\Release\net8.0\7902af72-997b-4e95-b397-881af18ef7d4\obj\Release\net10.0/" /p:OutDir="C:\Users\Miguel\Desktop\Proyectos\Box3D.NET\src\Box3D.NET.Benchmarks\bin\Release\net8.0\7902af72-997b-4e95-b397-881af18ef7d4\bin\Release\net10.0/" /p:OutputPath="C:\Users\Miguel\Desktop\Proyectos\Box3D.NET\src\Box3D.NET.Benchmarks\bin\Release\net8.0\7902af72-997b-4e95-b397-881af18ef7d4\bin\Release\net10.0/" --output "C:\Users\Miguel\Desktop\Proyectos\Box3D.NET\src\Box3D.NET.Benchmarks\bin\Release\net8.0\7902af72-997b-4e95-b397-881af18ef7d4\bin\Release\net10.0/" in C:\Users\Miguel\Desktop\Proyectos\Box3D.NET\src\Box3D.NET.Benchmarks\bin\Release\net8.0\7902af72-997b-4e95-b397-881af18ef7d4
// command took 6.71 sec and exited with 0
// ***** Done, took 00:00:07 (7.6 sec)   *****
// Found 3 benchmarks:
//   BodyCreationBenchmarks.'1000 bodies + spheres (native)': Job-HTRQVX(InvocationCount=1, IterationCount=5, LaunchCount=1, UnrollFactor=1, WarmupCount=3)
//   BodyCreationBenchmarks.'1000 bodies + spheres (wrapper)': Job-HTRQVX(InvocationCount=1, IterationCount=5, LaunchCount=1, UnrollFactor=1, WarmupCount=3)
//   BodyCreationBenchmarks.'1000 bodies + spheres (wrapper, defaults inline)': Job-HTRQVX(InvocationCount=1, IterationCount=5, LaunchCount=1, UnrollFactor=1, WarmupCount=3)

Setup power plan (GUID: 8c5e7fda-e8bf-4a96-9a85-a6e23a8c635c FriendlyName: Alto rendimiento)
// **************************
// Benchmark: BodyCreationBenchmarks.'1000 bodies + spheres (native)': Job-HTRQVX(InvocationCount=1, IterationCount=5, LaunchCount=1, UnrollFactor=1, WarmupCount=3)
// *** Execute ***
// Launch: 1 / 1
// Execute: dotnet 7902af72-997b-4e95-b397-881af18ef7d4.dll --anonymousPipes 1784 1780 --benchmarkName Box3D.Benchmarks.BodyCreationBenchmarks.CreateNative --job "InvocationCount=1, IterationCount=5, LaunchCount=1, UnrollFactor=1, WarmupCount=3" --benchmarkId 0 in C:\Users\Miguel\Desktop\Proyectos\Box3D.NET\src\Box3D.NET.Benchmarks\bin\Release\net8.0\7902af72-997b-4e95-b397-881af18ef7d4\bin\Release\net10.0
// BeforeAnythingElse

// Benchmark Process Environment Information:
// BenchmarkDotNet v0.14.0
// Runtime=.NET 10.0.10 (10.0.1026.32716), X64 RyuJIT AVX-512F+CD+BW+DQ+VL+VBMI
// GC=Concurrent Workstation
// HardwareIntrinsics=AVX-512F+CD+BW+DQ+VL+VBMI,AES,BMI1,BMI2,FMA,LZCNT,PCLMUL,POPCNT VectorSize=256
// Job: Job-BZTAFV(InvocationCount=1, IterationCount=5, LaunchCount=1, UnrollFactor=1, WarmupCount=3)

OverheadJitting  1: 1 op, 172900.00 ns, 172.9000 us/op
WorkloadJitting  1: 1 op, 1170700.00 ns, 1.1707 ms/op

OverheadWarmup   1: 1 op, 100.00 ns, 100.0000 ns/op
OverheadWarmup   2: 1 op, 200.00 ns, 200.0000 ns/op
OverheadWarmup   3: 1 op, 100.00 ns, 100.0000 ns/op
OverheadWarmup   4: 1 op, 200.00 ns, 200.0000 ns/op
OverheadWarmup   5: 1 op, 100.00 ns, 100.0000 ns/op

OverheadActual   1: 1 op, 100.00 ns, 100.0000 ns/op
OverheadActual   2: 1 op, 100.00 ns, 100.0000 ns/op
OverheadActual   3: 1 op, 0.00 ns, 0.0000 ns/op
OverheadActual   4: 1 op, 100.00 ns, 100.0000 ns/op
OverheadActual   5: 1 op, 200.00 ns, 200.0000 ns/op
OverheadActual   6: 1 op, 100.00 ns, 100.0000 ns/op
OverheadActual   7: 1 op, 100.00 ns, 100.0000 ns/op
OverheadActual   8: 1 op, 200.00 ns, 200.0000 ns/op
OverheadActual   9: 1 op, 100.00 ns, 100.0000 ns/op
OverheadActual  10: 1 op, 100.00 ns, 100.0000 ns/op
OverheadActual  11: 1 op, 100.00 ns, 100.0000 ns/op
OverheadActual  12: 1 op, 200.00 ns, 200.0000 ns/op
OverheadActual  13: 1 op, 100.00 ns, 100.0000 ns/op
OverheadActual  14: 1 op, 100.00 ns, 100.0000 ns/op
OverheadActual  15: 1 op, 100.00 ns, 100.0000 ns/op
OverheadActual  16: 1 op, 0.00 ns, 0.0000 ns/op
OverheadActual  17: 1 op, 200.00 ns, 200.0000 ns/op
OverheadActual  18: 1 op, 200.00 ns, 200.0000 ns/op
OverheadActual  19: 1 op, 100.00 ns, 100.0000 ns/op
OverheadActual  20: 1 op, 0.00 ns, 0.0000 ns/op

WorkloadWarmup   1: 1 op, 670400.00 ns, 670.4000 us/op
WorkloadWarmup   2: 1 op, 692800.00 ns, 692.8000 us/op
WorkloadWarmup   3: 1 op, 835200.00 ns, 835.2000 us/op

// BeforeActualRun
WorkloadActual   1: 1 op, 705600.00 ns, 705.6000 us/op
WorkloadActual   2: 1 op, 692000.00 ns, 692.0000 us/op
WorkloadActual   3: 1 op, 746200.00 ns, 746.2000 us/op
WorkloadActual   4: 1 op, 691400.00 ns, 691.4000 us/op
WorkloadActual   5: 1 op, 826000.00 ns, 826.0000 us/op

// AfterActualRun
WorkloadResult   1: 1 op, 705500.00 ns, 705.5000 us/op
WorkloadResult   2: 1 op, 691900.00 ns, 691.9000 us/op
WorkloadResult   3: 1 op, 746100.00 ns, 746.1000 us/op
WorkloadResult   4: 1 op, 691300.00 ns, 691.3000 us/op
WorkloadResult   5: 1 op, 825900.00 ns, 825.9000 us/op
// GC:  0 0 0 400 1
// Threading:  0 0 1

// AfterAll
// Benchmark Process 25008 has exited with code 0.

Mean = 732.140 μs, StdErr = 25.478 μs (3.48%), N = 5, StdDev = 56.971 μs
Min = 691.300 μs, Q1 = 691.900 μs, Median = 705.500 μs, Q3 = 746.100 μs, Max = 825.900 μs
IQR = 54.200 μs, LowerFence = 610.600 μs, UpperFence = 827.400 μs
ConfidenceInterval = [512.766 μs; 951.514 μs] (CI 99.9%), Margin = 219.374 μs (29.96% of Mean)
Skewness = 0.73, Kurtosis = 1.58, MValue = 2

// ** Remained 2 (66.7 %) benchmark(s) to run. Estimated finish 2026-08-06 14:05 (0h 0m from now) **
Setup power plan (GUID: 8c5e7fda-e8bf-4a96-9a85-a6e23a8c635c FriendlyName: Alto rendimiento)
// **************************
// Benchmark: BodyCreationBenchmarks.'1000 bodies + spheres (wrapper)': Job-HTRQVX(InvocationCount=1, IterationCount=5, LaunchCount=1, UnrollFactor=1, WarmupCount=3)
// *** Execute ***
// Launch: 1 / 1
// Execute: dotnet 7902af72-997b-4e95-b397-881af18ef7d4.dll --anonymousPipes 2036 1808 --benchmarkName Box3D.Benchmarks.BodyCreationBenchmarks.CreateWrapper --job "InvocationCount=1, IterationCount=5, LaunchCount=1, UnrollFactor=1, WarmupCount=3" --benchmarkId 1 in C:\Users\Miguel\Desktop\Proyectos\Box3D.NET\src\Box3D.NET.Benchmarks\bin\Release\net8.0\7902af72-997b-4e95-b397-881af18ef7d4\bin\Release\net10.0
// BeforeAnythingElse

// Benchmark Process Environment Information:
// BenchmarkDotNet v0.14.0
// Runtime=.NET 10.0.10 (10.0.1026.32716), X64 RyuJIT AVX-512F+CD+BW+DQ+VL+VBMI
// GC=Concurrent Workstation
// HardwareIntrinsics=AVX-512F+CD+BW+DQ+VL+VBMI,AES,BMI1,BMI2,FMA,LZCNT,PCLMUL,POPCNT VectorSize=256
// Job: Job-DKLNGN(InvocationCount=1, IterationCount=5, LaunchCount=1, UnrollFactor=1, WarmupCount=3)

OverheadJitting  1: 1 op, 202900.00 ns, 202.9000 us/op
WorkloadJitting  1: 1 op, 4491600.00 ns, 4.4916 ms/op

OverheadWarmup   1: 1 op, 200.00 ns, 200.0000 ns/op
OverheadWarmup   2: 1 op, 200.00 ns, 200.0000 ns/op
OverheadWarmup   3: 1 op, 100.00 ns, 100.0000 ns/op
OverheadWarmup   4: 1 op, 200.00 ns, 200.0000 ns/op
OverheadWarmup   5: 1 op, 200.00 ns, 200.0000 ns/op

OverheadActual   1: 1 op, 100.00 ns, 100.0000 ns/op
OverheadActual   2: 1 op, 200.00 ns, 200.0000 ns/op
OverheadActual   3: 1 op, 200.00 ns, 200.0000 ns/op
OverheadActual   4: 1 op, 100.00 ns, 100.0000 ns/op
OverheadActual   5: 1 op, 200.00 ns, 200.0000 ns/op
OverheadActual   6: 1 op, 200.00 ns, 200.0000 ns/op
OverheadActual   7: 1 op, 100.00 ns, 100.0000 ns/op
OverheadActual   8: 1 op, 0.00 ns, 0.0000 ns/op
OverheadActual   9: 1 op, 100.00 ns, 100.0000 ns/op
OverheadActual  10: 1 op, 100.00 ns, 100.0000 ns/op
OverheadActual  11: 1 op, 200.00 ns, 200.0000 ns/op
OverheadActual  12: 1 op, 100.00 ns, 100.0000 ns/op
OverheadActual  13: 1 op, 100.00 ns, 100.0000 ns/op
OverheadActual  14: 1 op, 200.00 ns, 200.0000 ns/op
OverheadActual  15: 1 op, 0.00 ns, 0.0000 ns/op
OverheadActual  16: 1 op, 100.00 ns, 100.0000 ns/op
OverheadActual  17: 1 op, 100.00 ns, 100.0000 ns/op
OverheadActual  18: 1 op, 200.00 ns, 200.0000 ns/op
OverheadActual  19: 1 op, 100.00 ns, 100.0000 ns/op
OverheadActual  20: 1 op, 100.00 ns, 100.0000 ns/op

WorkloadWarmup   1: 1 op, 955200.00 ns, 955.2000 us/op
WorkloadWarmup   2: 1 op, 1177900.00 ns, 1.1779 ms/op
WorkloadWarmup   3: 1 op, 1164500.00 ns, 1.1645 ms/op

// BeforeActualRun
WorkloadActual   1: 1 op, 1163900.00 ns, 1.1639 ms/op
WorkloadActual   2: 1 op, 1054600.00 ns, 1.0546 ms/op
WorkloadActual   3: 1 op, 1363600.00 ns, 1.3636 ms/op
WorkloadActual   4: 1 op, 981300.00 ns, 981.3000 us/op
WorkloadActual   5: 1 op, 1346600.00 ns, 1.3466 ms/op

// AfterActualRun
WorkloadResult   1: 1 op, 1163800.00 ns, 1.1638 ms/op
WorkloadResult   2: 1 op, 1054500.00 ns, 1.0545 ms/op
WorkloadResult   3: 1 op, 1363500.00 ns, 1.3635 ms/op
WorkloadResult   4: 1 op, 981200.00 ns, 981.2000 us/op
WorkloadResult   5: 1 op, 1346500.00 ns, 1.3465 ms/op
// GC:  0 0 0 400 1
// Threading:  0 0 1

// AfterAll
// Benchmark Process 14500 has exited with code 0.

Mean = 1.182 ms, StdErr = 0.076 ms (6.47%), N = 5, StdDev = 0.171 ms
Min = 0.981 ms, Q1 = 1.054 ms, Median = 1.164 ms, Q3 = 1.347 ms, Max = 1.363 ms
IQR = 0.292 ms, LowerFence = 0.617 ms, UpperFence = 1.784 ms
ConfidenceInterval = [0.524 ms; 1.840 ms] (CI 99.9%), Margin = 0.658 ms (55.70% of Mean)
Skewness = 0.01, Kurtosis = 0.87, MValue = 2

// ** Remained 1 (33.3 %) benchmark(s) to run. Estimated finish 2026-08-06 14:05 (0h 0m from now) **
Setup power plan (GUID: 8c5e7fda-e8bf-4a96-9a85-a6e23a8c635c FriendlyName: Alto rendimiento)
// **************************
// Benchmark: BodyCreationBenchmarks.'1000 bodies + spheres (wrapper, defaults inline)': Job-HTRQVX(InvocationCount=1, IterationCount=5, LaunchCount=1, UnrollFactor=1, WarmupCount=3)
// *** Execute ***
// Launch: 1 / 1
// Execute: dotnet 7902af72-997b-4e95-b397-881af18ef7d4.dll --anonymousPipes 1828 1824 --benchmarkName Box3D.Benchmarks.BodyCreationBenchmarks.CreateWrapperInlineDefaults --job "InvocationCount=1, IterationCount=5, LaunchCount=1, UnrollFactor=1, WarmupCount=3" --benchmarkId 2 in C:\Users\Miguel\Desktop\Proyectos\Box3D.NET\src\Box3D.NET.Benchmarks\bin\Release\net8.0\7902af72-997b-4e95-b397-881af18ef7d4\bin\Release\net10.0
// BeforeAnythingElse

// Benchmark Process Environment Information:
// BenchmarkDotNet v0.14.0
// Runtime=.NET 10.0.10 (10.0.1026.32716), X64 RyuJIT AVX-512F+CD+BW+DQ+VL+VBMI
// GC=Concurrent Workstation
// HardwareIntrinsics=AVX-512F+CD+BW+DQ+VL+VBMI,AES,BMI1,BMI2,FMA,LZCNT,PCLMUL,POPCNT VectorSize=256
// Job: Job-RZDTVY(InvocationCount=1, IterationCount=5, LaunchCount=1, UnrollFactor=1, WarmupCount=3)

OverheadJitting  1: 1 op, 172000.00 ns, 172.0000 us/op
WorkloadJitting  1: 1 op, 4817600.00 ns, 4.8176 ms/op

OverheadWarmup   1: 1 op, 300.00 ns, 300.0000 ns/op
OverheadWarmup   2: 1 op, 200.00 ns, 200.0000 ns/op
OverheadWarmup   3: 1 op, 100.00 ns, 100.0000 ns/op
OverheadWarmup   4: 1 op, 200.00 ns, 200.0000 ns/op
OverheadWarmup   5: 1 op, 200.00 ns, 200.0000 ns/op
OverheadWarmup   6: 1 op, 100.00 ns, 100.0000 ns/op
OverheadWarmup   7: 1 op, 200.00 ns, 200.0000 ns/op

OverheadActual   1: 1 op, 200.00 ns, 200.0000 ns/op
OverheadActual   2: 1 op, 200.00 ns, 200.0000 ns/op
OverheadActual   3: 1 op, 100.00 ns, 100.0000 ns/op
OverheadActual   4: 1 op, 500.00 ns, 500.0000 ns/op
OverheadActual   5: 1 op, 200.00 ns, 200.0000 ns/op
OverheadActual   6: 1 op, 200.00 ns, 200.0000 ns/op
OverheadActual   7: 1 op, 100.00 ns, 100.0000 ns/op
OverheadActual   8: 1 op, 100.00 ns, 100.0000 ns/op
OverheadActual   9: 1 op, 100.00 ns, 100.0000 ns/op
OverheadActual  10: 1 op, 100.00 ns, 100.0000 ns/op
OverheadActual  11: 1 op, 0.00 ns, 0.0000 ns/op
OverheadActual  12: 1 op, 100.00 ns, 100.0000 ns/op
OverheadActual  13: 1 op, 100.00 ns, 100.0000 ns/op
OverheadActual  14: 1 op, 0.00 ns, 0.0000 ns/op
OverheadActual  15: 1 op, 100.00 ns, 100.0000 ns/op
OverheadActual  16: 1 op, 100.00 ns, 100.0000 ns/op
OverheadActual  17: 1 op, 100.00 ns, 100.0000 ns/op
OverheadActual  18: 1 op, 200.00 ns, 200.0000 ns/op
OverheadActual  19: 1 op, 100.00 ns, 100.0000 ns/op
OverheadActual  20: 1 op, 100.00 ns, 100.0000 ns/op

WorkloadWarmup   1: 1 op, 1042300.00 ns, 1.0423 ms/op
WorkloadWarmup   2: 1 op, 1036900.00 ns, 1.0369 ms/op
WorkloadWarmup   3: 1 op, 1423100.00 ns, 1.4231 ms/op

// BeforeActualRun
WorkloadActual   1: 1 op, 1094300.00 ns, 1.0943 ms/op
WorkloadActual   2: 1 op, 1294500.00 ns, 1.2945 ms/op
WorkloadActual   3: 1 op, 1066800.00 ns, 1.0668 ms/op
WorkloadActual   4: 1 op, 1397300.00 ns, 1.3973 ms/op
WorkloadActual   5: 1 op, 1598200.00 ns, 1.5982 ms/op

// AfterActualRun
WorkloadResult   1: 1 op, 1094200.00 ns, 1.0942 ms/op
WorkloadResult   2: 1 op, 1294400.00 ns, 1.2944 ms/op
WorkloadResult   3: 1 op, 1066700.00 ns, 1.0667 ms/op
WorkloadResult   4: 1 op, 1397200.00 ns, 1.3972 ms/op
WorkloadResult   5: 1 op, 1598100.00 ns, 1.5981 ms/op
// GC:  0 0 0 400 1
// Threading:  0 0 1

// AfterAll
// Benchmark Process 13096 has exited with code 0.

Mean = 1.290 ms, StdErr = 0.099 ms (7.65%), N = 5, StdDev = 0.221 ms
Min = 1.067 ms, Q1 = 1.094 ms, Median = 1.294 ms, Q3 = 1.397 ms, Max = 1.598 ms
IQR = 0.303 ms, LowerFence = 0.640 ms, UpperFence = 1.852 ms
ConfidenceInterval = [0.441 ms; 2.140 ms] (CI 99.9%), Margin = 0.849 ms (65.84% of Mean)
Skewness = 0.22, Kurtosis = 1.11, MValue = 2

// ** Remained 0 (0.0 %) benchmark(s) to run. Estimated finish 2026-08-06 14:05 (0h 0m from now) **
Successfully reverted power plan (GUID: 8c5e7fda-e8bf-4a96-9a85-a6e23a8c635c FriendlyName: Alto rendimiento)
// ***** BenchmarkRunner: Finish  *****

// * Export *
  BenchmarkDotNet.Artifacts\results\Box3D.Benchmarks.BodyCreationBenchmarks-report.csv
  BenchmarkDotNet.Artifacts\results\Box3D.Benchmarks.BodyCreationBenchmarks-report-github.md
  BenchmarkDotNet.Artifacts\results\Box3D.Benchmarks.BodyCreationBenchmarks-report.html

// * Detailed results *
BodyCreationBenchmarks.'1000 bodies + spheres (native)': Job-HTRQVX(InvocationCount=1, IterationCount=5, LaunchCount=1, UnrollFactor=1, WarmupCount=3)
Runtime = .NET 10.0.10 (10.0.1026.32716), X64 RyuJIT AVX-512F+CD+BW+DQ+VL+VBMI; GC = Concurrent Workstation
Mean = 732.140 μs, StdErr = 25.478 μs (3.48%), N = 5, StdDev = 56.971 μs
Min = 691.300 μs, Q1 = 691.900 μs, Median = 705.500 μs, Q3 = 746.100 μs, Max = 825.900 μs
IQR = 54.200 μs, LowerFence = 610.600 μs, UpperFence = 827.400 μs
ConfidenceInterval = [512.766 μs; 951.514 μs] (CI 99.9%), Margin = 219.374 μs (29.96% of Mean)
Skewness = 0.73, Kurtosis = 1.58, MValue = 2
-------------------- Histogram --------------------
[674.972 μs ; 782.172 μs) | @@@@
[782.172 μs ; 869.628 μs) | @
---------------------------------------------------

BodyCreationBenchmarks.'1000 bodies + spheres (wrapper)': Job-HTRQVX(InvocationCount=1, IterationCount=5, LaunchCount=1, UnrollFactor=1, WarmupCount=3)
Runtime = .NET 10.0.10 (10.0.1026.32716), X64 RyuJIT AVX-512F+CD+BW+DQ+VL+VBMI; GC = Concurrent Workstation
Mean = 1.182 ms, StdErr = 0.076 ms (6.47%), N = 5, StdDev = 0.171 ms
Min = 0.981 ms, Q1 = 1.054 ms, Median = 1.164 ms, Q3 = 1.347 ms, Max = 1.363 ms
IQR = 0.292 ms, LowerFence = 0.617 ms, UpperFence = 1.784 ms
ConfidenceInterval = [0.524 ms; 1.840 ms] (CI 99.9%), Margin = 0.658 ms (55.70% of Mean)
Skewness = 0.01, Kurtosis = 0.87, MValue = 2
-------------------- Histogram --------------------
[0.941 ms ; 1.204 ms) | @@@
[1.204 ms ; 1.495 ms) | @@
---------------------------------------------------

BodyCreationBenchmarks.'1000 bodies + spheres (wrapper, defaults inline)': Job-HTRQVX(InvocationCount=1, IterationCount=5, LaunchCount=1, UnrollFactor=1, WarmupCount=3)
Runtime = .NET 10.0.10 (10.0.1026.32716), X64 RyuJIT AVX-512F+CD+BW+DQ+VL+VBMI; GC = Concurrent Workstation
Mean = 1.290 ms, StdErr = 0.099 ms (7.65%), N = 5, StdDev = 0.221 ms
Min = 1.067 ms, Q1 = 1.094 ms, Median = 1.294 ms, Q3 = 1.397 ms, Max = 1.598 ms
IQR = 0.303 ms, LowerFence = 0.640 ms, UpperFence = 1.852 ms
ConfidenceInterval = [0.441 ms; 2.140 ms] (CI 99.9%), Margin = 0.849 ms (65.84% of Mean)
Skewness = 0.22, Kurtosis = 1.11, MValue = 2
-------------------- Histogram --------------------
[1.063 ms ; 1.401 ms) | @@@@
[1.401 ms ; 1.767 ms) | @
---------------------------------------------------

// * Summary *

BenchmarkDotNet v0.14.0, Windows 11 (10.0.26100.8875)
Unknown processor
.NET SDK 10.0.302
  [Host]     : .NET 10.0.10 (10.0.1026.32716), X64 RyuJIT AVX-512F+CD+BW+DQ+VL+VBMI
  Job-HTRQVX : .NET 10.0.10 (10.0.1026.32716), X64 RyuJIT AVX-512F+CD+BW+DQ+VL+VBMI

Job=Job-HTRQVX  InvocationCount=1  IterationCount=5  
LaunchCount=1  UnrollFactor=1  WarmupCount=3  

| Method                                             | Mean       | Ratio | Allocated | Alloc Ratio |
|--------------------------------------------------- |-----------:|------:|----------:|------------:|
| '1000 bodies + spheres (native)'                   |   732.1 μs |  1.00 |         - |          NA |
| '1000 bodies + spheres (wrapper)'                  | 1,181.9 μs |  1.62 |         - |          NA |
| '1000 bodies + spheres (wrapper, defaults inline)' | 1,290.1 μs |  1.77 |         - |          NA |

// * Warnings *
MinIterationTime
  BodyCreationBenchmarks.'1000 bodies + spheres (native)': InvocationCount=1, IterationCount=5, LaunchCount=1, UnrollFactor=1, WarmupCount=3                   -> The minimum observed iteration time is 691.4μs which is very small. It's recommended to increase it to at least 100ms using more operations.
  BodyCreationBenchmarks.'1000 bodies + spheres (wrapper)': InvocationCount=1, IterationCount=5, LaunchCount=1, UnrollFactor=1, WarmupCount=3                  -> The minimum observed iteration time is 981.3μs which is very small. It's recommended to increase it to at least 100ms using more operations.
  BodyCreationBenchmarks.'1000 bodies + spheres (wrapper, defaults inline)': InvocationCount=1, IterationCount=5, LaunchCount=1, UnrollFactor=1, WarmupCount=3 -> The minimum observed iteration time is 1.067ms which is very small. It's recommended to increase it to at least 100ms using more operations.

// * Hints *
HideColumnsAnalyser
  Summary -> Hidden columns: Error, StdDev, RatioSD

// * Legends *
  Mean        : Arithmetic mean of all measurements
  Ratio       : Mean of the ratio distribution ([Current]/[Baseline])
  Allocated   : Allocated memory per single operation (managed only, inclusive, 1KB = 1024B)
  Alloc Ratio : Allocated memory ratio distribution ([Current]/[Baseline])
  1 μs        : 1 Microsecond (0.000001 sec)

// * Diagnostic Output - MemoryDiagnoser *


// ***** BenchmarkRunner: End *****
Run time: 00:00:00 (0.86 sec), executed benchmarks: 3

Global total time: 00:00:08 (8.57 sec), executed benchmarks: 3
// * Artifacts cleanup *
Artifacts cleanup is finished
