// Validating benchmarks:
// ***** BenchmarkRunner: Start   *****
// ***** Found 6 benchmark(s) in total *****
// ***** Building 1 exe(s) in Parallel: Start   *****
// start dotnet  restore /p:UseSharedCompilation=false /p:BuildInParallel=false /m:1 /p:Deterministic=true /p:Optimize=true /p:IntermediateOutputPath="C:\Users\Miguel\Desktop\Proyectos\Box3D.NET\src\Box3D.NET.Benchmarks\bin\Release\net8.0\db119e57-d7d9-4e24-97ed-7a9ce746a732\obj\Release\net10.0/" /p:OutDir="C:\Users\Miguel\Desktop\Proyectos\Box3D.NET\src\Box3D.NET.Benchmarks\bin\Release\net8.0\db119e57-d7d9-4e24-97ed-7a9ce746a732\bin\Release\net10.0/" /p:OutputPath="C:\Users\Miguel\Desktop\Proyectos\Box3D.NET\src\Box3D.NET.Benchmarks\bin\Release\net8.0\db119e57-d7d9-4e24-97ed-7a9ce746a732\bin\Release\net10.0/" in C:\Users\Miguel\Desktop\Proyectos\Box3D.NET\src\Box3D.NET.Benchmarks\bin\Release\net8.0\db119e57-d7d9-4e24-97ed-7a9ce746a732
// command took 0.84 sec and exited with 0
// start dotnet  build -c Release --no-restore /p:UseSharedCompilation=false /p:BuildInParallel=false /m:1 /p:Deterministic=true /p:Optimize=true /p:IntermediateOutputPath="C:\Users\Miguel\Desktop\Proyectos\Box3D.NET\src\Box3D.NET.Benchmarks\bin\Release\net8.0\db119e57-d7d9-4e24-97ed-7a9ce746a732\obj\Release\net10.0/" /p:OutDir="C:\Users\Miguel\Desktop\Proyectos\Box3D.NET\src\Box3D.NET.Benchmarks\bin\Release\net8.0\db119e57-d7d9-4e24-97ed-7a9ce746a732\bin\Release\net10.0/" /p:OutputPath="C:\Users\Miguel\Desktop\Proyectos\Box3D.NET\src\Box3D.NET.Benchmarks\bin\Release\net8.0\db119e57-d7d9-4e24-97ed-7a9ce746a732\bin\Release\net10.0/" --output "C:\Users\Miguel\Desktop\Proyectos\Box3D.NET\src\Box3D.NET.Benchmarks\bin\Release\net8.0\db119e57-d7d9-4e24-97ed-7a9ce746a732\bin\Release\net10.0/" in C:\Users\Miguel\Desktop\Proyectos\Box3D.NET\src\Box3D.NET.Benchmarks\bin\Release\net8.0\db119e57-d7d9-4e24-97ed-7a9ce746a732
// command took 6.74 sec and exited with 0
// ***** Done, took 00:00:07 (7.63 sec)   *****
// Found 6 benchmarks:
//   OverheadBenchmarks.'Read position (native)': Job-NMASDA(IterationCount=15, WarmupCount=5)
//   OverheadBenchmarks.'Read position (wrapper)': Job-NMASDA(IterationCount=15, WarmupCount=5)
//   OverheadBenchmarks.'Write velocity (native)': Job-NMASDA(IterationCount=15, WarmupCount=5)
//   OverheadBenchmarks.'Write velocity (wrapper)': Job-NMASDA(IterationCount=15, WarmupCount=5)
//   OverheadBenchmarks.'Apply force (native)': Job-NMASDA(IterationCount=15, WarmupCount=5)
//   OverheadBenchmarks.'Apply force (wrapper)': Job-NMASDA(IterationCount=15, WarmupCount=5)

Setup power plan (GUID: 8c5e7fda-e8bf-4a96-9a85-a6e23a8c635c FriendlyName: Alto rendimiento)
// **************************
// Benchmark: OverheadBenchmarks.'Read position (native)': Job-NMASDA(IterationCount=15, WarmupCount=5)
// *** Execute ***
// Launch: 1 / 1
// Execute: dotnet db119e57-d7d9-4e24-97ed-7a9ce746a732.dll --anonymousPipes 1916 2052 --benchmarkName Box3D.Benchmarks.OverheadBenchmarks.ReadPositionNative --job "IterationCount=15, WarmupCount=5" --benchmarkId 0 in C:\Users\Miguel\Desktop\Proyectos\Box3D.NET\src\Box3D.NET.Benchmarks\bin\Release\net8.0\db119e57-d7d9-4e24-97ed-7a9ce746a732\bin\Release\net10.0
// BeforeAnythingElse

// Benchmark Process Environment Information:
// BenchmarkDotNet v0.14.0
// Runtime=.NET 10.0.10 (10.0.1026.32716), X64 RyuJIT AVX-512F+CD+BW+DQ+VL+VBMI
// GC=Concurrent Workstation
// HardwareIntrinsics=AVX-512F+CD+BW+DQ+VL+VBMI,AES,BMI1,BMI2,FMA,LZCNT,PCLMUL,POPCNT VectorSize=256
// Job: Job-RAGLIC(IterationCount=15, WarmupCount=5)

OverheadJitting  1: 1 op, 201900.00 ns, 201.9000 us/op
WorkloadJitting  1: 1 op, 299700.00 ns, 299.7000 us/op

OverheadJitting  2: 16 op, 299200.00 ns, 18.7000 us/op
WorkloadJitting  2: 16 op, 275200.00 ns, 17.2000 us/op

WorkloadPilot    1: 16 op, 500.00 ns, 31.2500 ns/op
WorkloadPilot    2: 32 op, 600.00 ns, 18.7500 ns/op
WorkloadPilot    3: 64 op, 700.00 ns, 10.9375 ns/op
WorkloadPilot    4: 128 op, 1300.00 ns, 10.1563 ns/op
WorkloadPilot    5: 256 op, 2600.00 ns, 10.1563 ns/op
WorkloadPilot    6: 512 op, 6500.00 ns, 12.6953 ns/op
WorkloadPilot    7: 1024 op, 10000.00 ns, 9.7656 ns/op
WorkloadPilot    8: 2048 op, 19700.00 ns, 9.6191 ns/op
WorkloadPilot    9: 4096 op, 49300.00 ns, 12.0361 ns/op
WorkloadPilot   10: 8192 op, 97700.00 ns, 11.9263 ns/op
WorkloadPilot   11: 16384 op, 194700.00 ns, 11.8835 ns/op
WorkloadPilot   12: 32768 op, 311200.00 ns, 9.4971 ns/op
WorkloadPilot   13: 65536 op, 622000.00 ns, 9.4910 ns/op
WorkloadPilot   14: 131072 op, 1243800.00 ns, 9.4894 ns/op
WorkloadPilot   15: 262144 op, 2491600.00 ns, 9.5047 ns/op
WorkloadPilot   16: 524288 op, 5329600.00 ns, 10.1654 ns/op
WorkloadPilot   17: 1048576 op, 11143500.00 ns, 10.6273 ns/op
WorkloadPilot   18: 2097152 op, 20844300.00 ns, 9.9393 ns/op
WorkloadPilot   19: 4194304 op, 40461000.00 ns, 9.6467 ns/op
WorkloadPilot   20: 8388608 op, 79274600.00 ns, 9.4503 ns/op
WorkloadPilot   21: 16777216 op, 150002200.00 ns, 8.9408 ns/op
WorkloadPilot   22: 33554432 op, 301249200.00 ns, 8.9779 ns/op
WorkloadPilot   23: 67108864 op, 601884400.00 ns, 8.9688 ns/op

OverheadWarmup   1: 67108864 op, 99124600.00 ns, 1.4771 ns/op
OverheadWarmup   2: 67108864 op, 99712600.00 ns, 1.4858 ns/op
OverheadWarmup   3: 67108864 op, 117808500.00 ns, 1.7555 ns/op
OverheadWarmup   4: 67108864 op, 71955500.00 ns, 1.0722 ns/op
OverheadWarmup   5: 67108864 op, 71744000.00 ns, 1.0691 ns/op
OverheadWarmup   6: 67108864 op, 71429700.00 ns, 1.0644 ns/op
OverheadWarmup   7: 67108864 op, 70864200.00 ns, 1.0560 ns/op
OverheadWarmup   8: 67108864 op, 71035900.00 ns, 1.0585 ns/op
OverheadWarmup   9: 67108864 op, 71445600.00 ns, 1.0646 ns/op
OverheadWarmup  10: 67108864 op, 71036200.00 ns, 1.0585 ns/op

OverheadActual   1: 67108864 op, 70822700.00 ns, 1.0553 ns/op
OverheadActual   2: 67108864 op, 71042000.00 ns, 1.0586 ns/op
OverheadActual   3: 67108864 op, 71075700.00 ns, 1.0591 ns/op
OverheadActual   4: 67108864 op, 71171700.00 ns, 1.0605 ns/op
OverheadActual   5: 67108864 op, 71061400.00 ns, 1.0589 ns/op
OverheadActual   6: 67108864 op, 71620500.00 ns, 1.0672 ns/op
OverheadActual   7: 67108864 op, 70775000.00 ns, 1.0546 ns/op
OverheadActual   8: 67108864 op, 70550900.00 ns, 1.0513 ns/op
OverheadActual   9: 67108864 op, 71145700.00 ns, 1.0602 ns/op
OverheadActual  10: 67108864 op, 70687800.00 ns, 1.0533 ns/op
OverheadActual  11: 67108864 op, 71497400.00 ns, 1.0654 ns/op
OverheadActual  12: 67108864 op, 70769700.00 ns, 1.0546 ns/op
OverheadActual  13: 67108864 op, 70962100.00 ns, 1.0574 ns/op
OverheadActual  14: 67108864 op, 71010500.00 ns, 1.0581 ns/op
OverheadActual  15: 67108864 op, 71340100.00 ns, 1.0631 ns/op

WorkloadWarmup   1: 67108864 op, 620237600.00 ns, 9.2423 ns/op
WorkloadWarmup   2: 67108864 op, 613699100.00 ns, 9.1448 ns/op
WorkloadWarmup   3: 67108864 op, 617077900.00 ns, 9.1952 ns/op
WorkloadWarmup   4: 67108864 op, 614511400.00 ns, 9.1569 ns/op
WorkloadWarmup   5: 67108864 op, 616818900.00 ns, 9.1913 ns/op

// BeforeActualRun
WorkloadActual   1: 67108864 op, 600495500.00 ns, 8.9481 ns/op
WorkloadActual   2: 67108864 op, 600290600.00 ns, 8.9450 ns/op
WorkloadActual   3: 67108864 op, 601128600.00 ns, 8.9575 ns/op
WorkloadActual   4: 67108864 op, 600689900.00 ns, 8.9510 ns/op
WorkloadActual   5: 67108864 op, 602205200.00 ns, 8.9736 ns/op
WorkloadActual   6: 67108864 op, 601414400.00 ns, 8.9618 ns/op
WorkloadActual   7: 67108864 op, 600672700.00 ns, 8.9507 ns/op
WorkloadActual   8: 67108864 op, 599545600.00 ns, 8.9339 ns/op
WorkloadActual   9: 67108864 op, 599424600.00 ns, 8.9321 ns/op
WorkloadActual  10: 67108864 op, 602390900.00 ns, 8.9763 ns/op
WorkloadActual  11: 67108864 op, 601326500.00 ns, 8.9605 ns/op
WorkloadActual  12: 67108864 op, 599943600.00 ns, 8.9399 ns/op
WorkloadActual  13: 67108864 op, 604390100.00 ns, 9.0061 ns/op
WorkloadActual  14: 67108864 op, 598744600.00 ns, 8.9220 ns/op
WorkloadActual  15: 67108864 op, 600748100.00 ns, 8.9518 ns/op

// AfterActualRun
WorkloadResult   1: 67108864 op, 529453500.00 ns, 7.8895 ns/op
WorkloadResult   2: 67108864 op, 529248600.00 ns, 7.8864 ns/op
WorkloadResult   3: 67108864 op, 530086600.00 ns, 7.8989 ns/op
WorkloadResult   4: 67108864 op, 529647900.00 ns, 7.8924 ns/op
WorkloadResult   5: 67108864 op, 531163200.00 ns, 7.9149 ns/op
WorkloadResult   6: 67108864 op, 530372400.00 ns, 7.9032 ns/op
WorkloadResult   7: 67108864 op, 529630700.00 ns, 7.8921 ns/op
WorkloadResult   8: 67108864 op, 528503600.00 ns, 7.8753 ns/op
WorkloadResult   9: 67108864 op, 528382600.00 ns, 7.8735 ns/op
WorkloadResult  10: 67108864 op, 531348900.00 ns, 7.9177 ns/op
WorkloadResult  11: 67108864 op, 530284500.00 ns, 7.9019 ns/op
WorkloadResult  12: 67108864 op, 528901600.00 ns, 7.8812 ns/op
WorkloadResult  13: 67108864 op, 527702600.00 ns, 7.8634 ns/op
WorkloadResult  14: 67108864 op, 529706100.00 ns, 7.8932 ns/op
// GC:  0 0 0 400 67108864
// Threading:  0 0 67108864

// AfterAll
// Benchmark Process 11720 has exited with code 0.

Mean = 7.892 ns, StdErr = 0.004 ns (0.05%), N = 14, StdDev = 0.015 ns
Min = 7.863 ns, Q1 = 7.883 ns, Median = 7.892 ns, Q3 = 7.901 ns, Max = 7.918 ns
IQR = 0.019 ns, LowerFence = 7.855 ns, UpperFence = 7.929 ns
ConfidenceInterval = [7.874 ns; 7.909 ns] (CI 99.9%), Margin = 0.017 ns (0.22% of Mean)
Skewness = -0.02, Kurtosis = 2.1, MValue = 2

// ** Remained 5 (83.3 %) benchmark(s) to run. Estimated finish 2026-08-06 14:08 (0h 1m from now) **
Setup power plan (GUID: 8c5e7fda-e8bf-4a96-9a85-a6e23a8c635c FriendlyName: Alto rendimiento)
// **************************
// Benchmark: OverheadBenchmarks.'Read position (wrapper)': Job-NMASDA(IterationCount=15, WarmupCount=5)
// *** Execute ***
// Launch: 1 / 1
// Execute: dotnet db119e57-d7d9-4e24-97ed-7a9ce746a732.dll --anonymousPipes 628 1780 --benchmarkName Box3D.Benchmarks.OverheadBenchmarks.ReadPositionWrapper --job "IterationCount=15, WarmupCount=5" --benchmarkId 1 in C:\Users\Miguel\Desktop\Proyectos\Box3D.NET\src\Box3D.NET.Benchmarks\bin\Release\net8.0\db119e57-d7d9-4e24-97ed-7a9ce746a732\bin\Release\net10.0
// BeforeAnythingElse

// Benchmark Process Environment Information:
// BenchmarkDotNet v0.14.0
// Runtime=.NET 10.0.10 (10.0.1026.32716), X64 RyuJIT AVX-512F+CD+BW+DQ+VL+VBMI
// GC=Concurrent Workstation
// HardwareIntrinsics=AVX-512F+CD+BW+DQ+VL+VBMI,AES,BMI1,BMI2,FMA,LZCNT,PCLMUL,POPCNT VectorSize=256
// Job: Job-YBYGWU(IterationCount=15, WarmupCount=5)

OverheadJitting  1: 1 op, 200400.00 ns, 200.4000 us/op
WorkloadJitting  1: 1 op, 329800.00 ns, 329.8000 us/op

OverheadJitting  2: 16 op, 298900.00 ns, 18.6813 us/op
WorkloadJitting  2: 16 op, 269000.00 ns, 16.8125 us/op

WorkloadPilot    1: 16 op, 700.00 ns, 43.7500 ns/op
WorkloadPilot    2: 32 op, 800.00 ns, 25.0000 ns/op
WorkloadPilot    3: 64 op, 1400.00 ns, 21.8750 ns/op
WorkloadPilot    4: 128 op, 2000.00 ns, 15.6250 ns/op
WorkloadPilot    5: 256 op, 3200.00 ns, 12.5000 ns/op
WorkloadPilot    6: 512 op, 5800.00 ns, 11.3281 ns/op
WorkloadPilot    7: 1024 op, 14000.00 ns, 13.6719 ns/op
WorkloadPilot    8: 2048 op, 22300.00 ns, 10.8887 ns/op
WorkloadPilot    9: 4096 op, 44100.00 ns, 10.7666 ns/op
WorkloadPilot   10: 8192 op, 88400.00 ns, 10.7910 ns/op
WorkloadPilot   11: 16384 op, 220000.00 ns, 13.4277 ns/op
WorkloadPilot   12: 32768 op, 352900.00 ns, 10.7697 ns/op
WorkloadPilot   13: 65536 op, 704000.00 ns, 10.7422 ns/op
WorkloadPilot   14: 131072 op, 1412000.00 ns, 10.7727 ns/op
WorkloadPilot   15: 262144 op, 3134600.00 ns, 11.9576 ns/op
WorkloadPilot   16: 524288 op, 5646300.00 ns, 10.7695 ns/op
WorkloadPilot   17: 1048576 op, 11287600.00 ns, 10.7647 ns/op
WorkloadPilot   18: 2097152 op, 23643300.00 ns, 11.2740 ns/op
WorkloadPilot   19: 4194304 op, 45732400.00 ns, 10.9035 ns/op
WorkloadPilot   20: 8388608 op, 85169600.00 ns, 10.1530 ns/op
WorkloadPilot   21: 16777216 op, 150164500.00 ns, 8.9505 ns/op
WorkloadPilot   22: 33554432 op, 300675000.00 ns, 8.9608 ns/op
WorkloadPilot   23: 67108864 op, 603680500.00 ns, 8.9955 ns/op

OverheadWarmup   1: 67108864 op, 98278700.00 ns, 1.4645 ns/op
OverheadWarmup   2: 67108864 op, 99029200.00 ns, 1.4757 ns/op
OverheadWarmup   3: 67108864 op, 119117400.00 ns, 1.7750 ns/op
OverheadWarmup   4: 67108864 op, 70758800.00 ns, 1.0544 ns/op
OverheadWarmup   5: 67108864 op, 70647000.00 ns, 1.0527 ns/op
OverheadWarmup   6: 67108864 op, 72803400.00 ns, 1.0849 ns/op
OverheadWarmup   7: 67108864 op, 70777500.00 ns, 1.0547 ns/op

OverheadActual   1: 67108864 op, 70447200.00 ns, 1.0497 ns/op
OverheadActual   2: 67108864 op, 70331100.00 ns, 1.0480 ns/op
OverheadActual   3: 67108864 op, 70237300.00 ns, 1.0466 ns/op
OverheadActual   4: 67108864 op, 70779400.00 ns, 1.0547 ns/op
OverheadActual   5: 67108864 op, 70403700.00 ns, 1.0491 ns/op
OverheadActual   6: 67108864 op, 70265200.00 ns, 1.0470 ns/op
OverheadActual   7: 67108864 op, 71621900.00 ns, 1.0672 ns/op
OverheadActual   8: 67108864 op, 70869700.00 ns, 1.0560 ns/op
OverheadActual   9: 67108864 op, 70766800.00 ns, 1.0545 ns/op
OverheadActual  10: 67108864 op, 70293600.00 ns, 1.0475 ns/op
OverheadActual  11: 67108864 op, 70649200.00 ns, 1.0528 ns/op
OverheadActual  12: 67108864 op, 71160800.00 ns, 1.0604 ns/op
OverheadActual  13: 67108864 op, 70919100.00 ns, 1.0568 ns/op
OverheadActual  14: 67108864 op, 70745400.00 ns, 1.0542 ns/op
OverheadActual  15: 67108864 op, 71259100.00 ns, 1.0618 ns/op

WorkloadWarmup   1: 67108864 op, 614414300.00 ns, 9.1555 ns/op
WorkloadWarmup   2: 67108864 op, 614696600.00 ns, 9.1597 ns/op
WorkloadWarmup   3: 67108864 op, 616105500.00 ns, 9.1807 ns/op
WorkloadWarmup   4: 67108864 op, 614748200.00 ns, 9.1605 ns/op
WorkloadWarmup   5: 67108864 op, 614248100.00 ns, 9.1530 ns/op

// BeforeActualRun
WorkloadActual   1: 67108864 op, 598817700.00 ns, 8.9231 ns/op
WorkloadActual   2: 67108864 op, 601353400.00 ns, 8.9609 ns/op
WorkloadActual   3: 67108864 op, 599830800.00 ns, 8.9382 ns/op
WorkloadActual   4: 67108864 op, 598925100.00 ns, 8.9247 ns/op
WorkloadActual   5: 67108864 op, 600274500.00 ns, 8.9448 ns/op
WorkloadActual   6: 67108864 op, 599048600.00 ns, 8.9265 ns/op
WorkloadActual   7: 67108864 op, 600886800.00 ns, 8.9539 ns/op
WorkloadActual   8: 67108864 op, 599113300.00 ns, 8.9275 ns/op
WorkloadActual   9: 67108864 op, 601104800.00 ns, 8.9572 ns/op
WorkloadActual  10: 67108864 op, 599280700.00 ns, 8.9300 ns/op
WorkloadActual  11: 67108864 op, 600178000.00 ns, 8.9433 ns/op
WorkloadActual  12: 67108864 op, 600341200.00 ns, 8.9458 ns/op
WorkloadActual  13: 67108864 op, 599784300.00 ns, 8.9375 ns/op
WorkloadActual  14: 67108864 op, 600346000.00 ns, 8.9459 ns/op
WorkloadActual  15: 67108864 op, 600648900.00 ns, 8.9504 ns/op

// AfterActualRun
WorkloadResult   1: 67108864 op, 528072300.00 ns, 7.8689 ns/op
WorkloadResult   2: 67108864 op, 530608000.00 ns, 7.9067 ns/op
WorkloadResult   3: 67108864 op, 529085400.00 ns, 7.8840 ns/op
WorkloadResult   4: 67108864 op, 528179700.00 ns, 7.8705 ns/op
WorkloadResult   5: 67108864 op, 529529100.00 ns, 7.8906 ns/op
WorkloadResult   6: 67108864 op, 528303200.00 ns, 7.8723 ns/op
WorkloadResult   7: 67108864 op, 530141400.00 ns, 7.8997 ns/op
WorkloadResult   8: 67108864 op, 528367900.00 ns, 7.8733 ns/op
WorkloadResult   9: 67108864 op, 530359400.00 ns, 7.9030 ns/op
WorkloadResult  10: 67108864 op, 528535300.00 ns, 7.8758 ns/op
WorkloadResult  11: 67108864 op, 529432600.00 ns, 7.8892 ns/op
WorkloadResult  12: 67108864 op, 529595800.00 ns, 7.8916 ns/op
WorkloadResult  13: 67108864 op, 529038900.00 ns, 7.8833 ns/op
WorkloadResult  14: 67108864 op, 529600600.00 ns, 7.8917 ns/op
WorkloadResult  15: 67108864 op, 529903500.00 ns, 7.8962 ns/op
// GC:  0 0 0 400 67108864
// Threading:  0 0 67108864

// AfterAll
// Benchmark Process 4060 has exited with code 0.

Mean = 7.886 ns, StdErr = 0.003 ns (0.04%), N = 15, StdDev = 0.012 ns
Min = 7.869 ns, Q1 = 7.875 ns, Median = 7.889 ns, Q3 = 7.894 ns, Max = 7.907 ns
IQR = 0.019 ns, LowerFence = 7.845 ns, UpperFence = 7.923 ns
ConfidenceInterval = [7.873 ns; 7.900 ns] (CI 99.9%), Margin = 0.013 ns (0.17% of Mean)
Skewness = 0.02, Kurtosis = 1.57, MValue = 2

// ** Remained 4 (66.7 %) benchmark(s) to run. Estimated finish 2026-08-06 14:08 (0h 1m from now) **
Setup power plan (GUID: 8c5e7fda-e8bf-4a96-9a85-a6e23a8c635c FriendlyName: Alto rendimiento)
// **************************
// Benchmark: OverheadBenchmarks.'Write velocity (native)': Job-NMASDA(IterationCount=15, WarmupCount=5)
// *** Execute ***
// Launch: 1 / 1
// Execute: dotnet db119e57-d7d9-4e24-97ed-7a9ce746a732.dll --anonymousPipes 2124 1792 --benchmarkName Box3D.Benchmarks.OverheadBenchmarks.WriteVelocityNative --job "IterationCount=15, WarmupCount=5" --benchmarkId 2 in C:\Users\Miguel\Desktop\Proyectos\Box3D.NET\src\Box3D.NET.Benchmarks\bin\Release\net8.0\db119e57-d7d9-4e24-97ed-7a9ce746a732\bin\Release\net10.0
// BeforeAnythingElse

// Benchmark Process Environment Information:
// BenchmarkDotNet v0.14.0
// Runtime=.NET 10.0.10 (10.0.1026.32716), X64 RyuJIT AVX-512F+CD+BW+DQ+VL+VBMI
// GC=Concurrent Workstation
// HardwareIntrinsics=AVX-512F+CD+BW+DQ+VL+VBMI,AES,BMI1,BMI2,FMA,LZCNT,PCLMUL,POPCNT VectorSize=256
// Job: Job-ABCXIA(IterationCount=15, WarmupCount=5)

OverheadJitting  1: 1 op, 173000.00 ns, 173.0000 us/op
WorkloadJitting  1: 1 op, 251500.00 ns, 251.5000 us/op

OverheadJitting  2: 16 op, 131900.00 ns, 8.2438 us/op
WorkloadJitting  2: 16 op, 167700.00 ns, 10.4813 us/op

WorkloadPilot    1: 16 op, 600.00 ns, 37.5000 ns/op
WorkloadPilot    2: 32 op, 700.00 ns, 21.8750 ns/op
WorkloadPilot    3: 64 op, 900.00 ns, 14.0625 ns/op
WorkloadPilot    4: 128 op, 1600.00 ns, 12.5000 ns/op
WorkloadPilot    5: 256 op, 3400.00 ns, 13.2813 ns/op
WorkloadPilot    6: 512 op, 6300.00 ns, 12.3047 ns/op
WorkloadPilot    7: 1024 op, 13000.00 ns, 12.6953 ns/op
WorkloadPilot    8: 2048 op, 31400.00 ns, 15.3320 ns/op
WorkloadPilot    9: 4096 op, 62600.00 ns, 15.2832 ns/op
WorkloadPilot   10: 8192 op, 124900.00 ns, 15.2466 ns/op
WorkloadPilot   11: 16384 op, 199700.00 ns, 12.1887 ns/op
WorkloadPilot   12: 32768 op, 399400.00 ns, 12.1887 ns/op
WorkloadPilot   13: 65536 op, 801800.00 ns, 12.2345 ns/op
WorkloadPilot   14: 131072 op, 1602400.00 ns, 12.2253 ns/op
WorkloadPilot   15: 262144 op, 3197700.00 ns, 12.1983 ns/op
WorkloadPilot   16: 524288 op, 6404700.00 ns, 12.2160 ns/op
WorkloadPilot   17: 1048576 op, 13109700.00 ns, 12.5024 ns/op
WorkloadPilot   18: 2097152 op, 26068100.00 ns, 12.4302 ns/op
WorkloadPilot   19: 4194304 op, 52431200.00 ns, 12.5006 ns/op
WorkloadPilot   20: 8388608 op, 79295900.00 ns, 9.4528 ns/op
WorkloadPilot   21: 16777216 op, 118937000.00 ns, 7.0892 ns/op
WorkloadPilot   22: 33554432 op, 237701700.00 ns, 7.0841 ns/op
WorkloadPilot   23: 67108864 op, 470651000.00 ns, 7.0132 ns/op
WorkloadPilot   24: 134217728 op, 944252800.00 ns, 7.0352 ns/op

OverheadWarmup   1: 134217728 op, 193155900.00 ns, 1.4391 ns/op
OverheadWarmup   2: 134217728 op, 234669200.00 ns, 1.7484 ns/op
OverheadWarmup   3: 134217728 op, 136429100.00 ns, 1.0165 ns/op
OverheadWarmup   4: 134217728 op, 136741200.00 ns, 1.0188 ns/op
OverheadWarmup   5: 134217728 op, 136156500.00 ns, 1.0144 ns/op

OverheadActual   1: 134217728 op, 136143000.00 ns, 1.0143 ns/op
OverheadActual   2: 134217728 op, 137263300.00 ns, 1.0227 ns/op
OverheadActual   3: 134217728 op, 136651700.00 ns, 1.0181 ns/op
OverheadActual   4: 134217728 op, 136457400.00 ns, 1.0167 ns/op
OverheadActual   5: 134217728 op, 136763900.00 ns, 1.0190 ns/op
OverheadActual   6: 134217728 op, 136851000.00 ns, 1.0196 ns/op
OverheadActual   7: 134217728 op, 136321700.00 ns, 1.0157 ns/op
OverheadActual   8: 134217728 op, 138040000.00 ns, 1.0285 ns/op
OverheadActual   9: 134217728 op, 136189300.00 ns, 1.0147 ns/op
OverheadActual  10: 134217728 op, 140274500.00 ns, 1.0451 ns/op
OverheadActual  11: 134217728 op, 137129300.00 ns, 1.0217 ns/op
OverheadActual  12: 134217728 op, 136392700.00 ns, 1.0162 ns/op
OverheadActual  13: 134217728 op, 136393800.00 ns, 1.0162 ns/op
OverheadActual  14: 134217728 op, 136372500.00 ns, 1.0161 ns/op
OverheadActual  15: 134217728 op, 136542400.00 ns, 1.0173 ns/op

WorkloadWarmup   1: 134217728 op, 941287900.00 ns, 7.0131 ns/op
WorkloadWarmup   2: 134217728 op, 940986900.00 ns, 7.0109 ns/op
WorkloadWarmup   3: 134217728 op, 948514400.00 ns, 7.0670 ns/op
WorkloadWarmup   4: 134217728 op, 947743900.00 ns, 7.0612 ns/op
WorkloadWarmup   5: 134217728 op, 945800500.00 ns, 7.0468 ns/op

// BeforeActualRun
WorkloadActual   1: 134217728 op, 954001100.00 ns, 7.1079 ns/op
WorkloadActual   2: 134217728 op, 944184200.00 ns, 7.0347 ns/op
WorkloadActual   3: 134217728 op, 941403400.00 ns, 7.0140 ns/op
WorkloadActual   4: 134217728 op, 943956200.00 ns, 7.0330 ns/op
WorkloadActual   5: 134217728 op, 942783100.00 ns, 7.0243 ns/op
WorkloadActual   6: 134217728 op, 952127600.00 ns, 7.0939 ns/op
WorkloadActual   7: 134217728 op, 944376300.00 ns, 7.0362 ns/op
WorkloadActual   8: 134217728 op, 941269500.00 ns, 7.0130 ns/op
WorkloadActual   9: 134217728 op, 944647900.00 ns, 7.0382 ns/op
WorkloadActual  10: 134217728 op, 945736000.00 ns, 7.0463 ns/op
WorkloadActual  11: 134217728 op, 948421400.00 ns, 7.0663 ns/op
WorkloadActual  12: 134217728 op, 950181700.00 ns, 7.0794 ns/op
WorkloadActual  13: 134217728 op, 946574000.00 ns, 7.0525 ns/op
WorkloadActual  14: 134217728 op, 958722600.00 ns, 7.1430 ns/op
WorkloadActual  15: 134217728 op, 957055000.00 ns, 7.1306 ns/op

// AfterActualRun
WorkloadResult   1: 134217728 op, 817458700.00 ns, 6.0905 ns/op
WorkloadResult   2: 134217728 op, 807641800.00 ns, 6.0174 ns/op
WorkloadResult   3: 134217728 op, 804861000.00 ns, 5.9967 ns/op
WorkloadResult   4: 134217728 op, 807413800.00 ns, 6.0157 ns/op
WorkloadResult   5: 134217728 op, 806240700.00 ns, 6.0070 ns/op
WorkloadResult   6: 134217728 op, 815585200.00 ns, 6.0766 ns/op
WorkloadResult   7: 134217728 op, 807833900.00 ns, 6.0188 ns/op
WorkloadResult   8: 134217728 op, 804727100.00 ns, 5.9957 ns/op
WorkloadResult   9: 134217728 op, 808105500.00 ns, 6.0209 ns/op
WorkloadResult  10: 134217728 op, 809193600.00 ns, 6.0290 ns/op
WorkloadResult  11: 134217728 op, 811879000.00 ns, 6.0490 ns/op
WorkloadResult  12: 134217728 op, 813639300.00 ns, 6.0621 ns/op
WorkloadResult  13: 134217728 op, 810031600.00 ns, 6.0352 ns/op
WorkloadResult  14: 134217728 op, 822180200.00 ns, 6.1257 ns/op
WorkloadResult  15: 134217728 op, 820512600.00 ns, 6.1133 ns/op
// GC:  0 0 0 64 134217728
// Threading:  0 0 134217728

// AfterAll
// Benchmark Process 2644 has exited with code 0.

Mean = 6.044 ns, StdErr = 0.011 ns (0.18%), N = 15, StdDev = 0.041 ns
Min = 5.996 ns, Q1 = 6.017 ns, Median = 6.029 ns, Q3 = 6.069 ns, Max = 6.126 ns
IQR = 0.053 ns, LowerFence = 5.937 ns, UpperFence = 6.149 ns
ConfidenceInterval = [5.999 ns; 6.088 ns] (CI 99.9%), Margin = 0.044 ns (0.73% of Mean)
Skewness = 0.67, Kurtosis = 2.02, MValue = 2

// ** Remained 3 (50.0 %) benchmark(s) to run. Estimated finish 2026-08-06 14:08 (0h 0m from now) **
Setup power plan (GUID: 8c5e7fda-e8bf-4a96-9a85-a6e23a8c635c FriendlyName: Alto rendimiento)
// **************************
// Benchmark: OverheadBenchmarks.'Write velocity (wrapper)': Job-NMASDA(IterationCount=15, WarmupCount=5)
// *** Execute ***
// Launch: 1 / 1
// Execute: dotnet db119e57-d7d9-4e24-97ed-7a9ce746a732.dll --anonymousPipes 1812 2068 --benchmarkName Box3D.Benchmarks.OverheadBenchmarks.WriteVelocityWrapper --job "IterationCount=15, WarmupCount=5" --benchmarkId 3 in C:\Users\Miguel\Desktop\Proyectos\Box3D.NET\src\Box3D.NET.Benchmarks\bin\Release\net8.0\db119e57-d7d9-4e24-97ed-7a9ce746a732\bin\Release\net10.0
// BeforeAnythingElse

// Benchmark Process Environment Information:
// BenchmarkDotNet v0.14.0
// Runtime=.NET 10.0.10 (10.0.1026.32716), X64 RyuJIT AVX-512F+CD+BW+DQ+VL+VBMI
// GC=Concurrent Workstation
// HardwareIntrinsics=AVX-512F+CD+BW+DQ+VL+VBMI,AES,BMI1,BMI2,FMA,LZCNT,PCLMUL,POPCNT VectorSize=256
// Job: Job-DAGPRT(IterationCount=15, WarmupCount=5)

OverheadJitting  1: 1 op, 170000.00 ns, 170.0000 us/op
WorkloadJitting  1: 1 op, 216500.00 ns, 216.5000 us/op

OverheadJitting  2: 16 op, 167000.00 ns, 10.4375 us/op
WorkloadJitting  2: 16 op, 134300.00 ns, 8.3938 us/op

WorkloadPilot    1: 16 op, 800.00 ns, 50.0000 ns/op
WorkloadPilot    2: 32 op, 1000.00 ns, 31.2500 ns/op
WorkloadPilot    3: 64 op, 1100.00 ns, 17.1875 ns/op
WorkloadPilot    4: 128 op, 2000.00 ns, 15.6250 ns/op
WorkloadPilot    5: 256 op, 5700.00 ns, 22.2656 ns/op
WorkloadPilot    6: 512 op, 7000.00 ns, 13.6719 ns/op
WorkloadPilot    7: 1024 op, 13300.00 ns, 12.9883 ns/op
WorkloadPilot    8: 2048 op, 33100.00 ns, 16.1621 ns/op
WorkloadPilot    9: 4096 op, 52600.00 ns, 12.8418 ns/op
WorkloadPilot   10: 8192 op, 103700.00 ns, 12.6587 ns/op
WorkloadPilot   11: 16384 op, 209600.00 ns, 12.7930 ns/op
WorkloadPilot   12: 32768 op, 414300.00 ns, 12.6434 ns/op
WorkloadPilot   13: 65536 op, 843700.00 ns, 12.8738 ns/op
WorkloadPilot   14: 131072 op, 1656200.00 ns, 12.6358 ns/op
WorkloadPilot   15: 262144 op, 3725100.00 ns, 14.2101 ns/op
WorkloadPilot   16: 524288 op, 6648400.00 ns, 12.6808 ns/op
WorkloadPilot   17: 1048576 op, 13556600.00 ns, 12.9286 ns/op
WorkloadPilot   18: 2097152 op, 27249100.00 ns, 12.9934 ns/op
WorkloadPilot   19: 4194304 op, 54250900.00 ns, 12.9344 ns/op
WorkloadPilot   20: 8388608 op, 78012700.00 ns, 9.2998 ns/op
WorkloadPilot   21: 16777216 op, 125164300.00 ns, 7.4604 ns/op
WorkloadPilot   22: 33554432 op, 252855800.00 ns, 7.5357 ns/op
WorkloadPilot   23: 67108864 op, 498914000.00 ns, 7.4344 ns/op
WorkloadPilot   24: 134217728 op, 1006395600.00 ns, 7.4982 ns/op

OverheadWarmup   1: 134217728 op, 193811000.00 ns, 1.4440 ns/op
OverheadWarmup   2: 134217728 op, 240496800.00 ns, 1.7918 ns/op
OverheadWarmup   3: 134217728 op, 141987100.00 ns, 1.0579 ns/op
OverheadWarmup   4: 134217728 op, 138053000.00 ns, 1.0286 ns/op
OverheadWarmup   5: 134217728 op, 138452500.00 ns, 1.0316 ns/op
OverheadWarmup   6: 134217728 op, 139027800.00 ns, 1.0358 ns/op
OverheadWarmup   7: 134217728 op, 138273800.00 ns, 1.0302 ns/op

OverheadActual   1: 134217728 op, 138020500.00 ns, 1.0283 ns/op
OverheadActual   2: 134217728 op, 138216400.00 ns, 1.0298 ns/op
OverheadActual   3: 134217728 op, 138053200.00 ns, 1.0286 ns/op
OverheadActual   4: 134217728 op, 138271100.00 ns, 1.0302 ns/op
OverheadActual   5: 134217728 op, 138200200.00 ns, 1.0297 ns/op
OverheadActual   6: 134217728 op, 138114900.00 ns, 1.0290 ns/op
OverheadActual   7: 134217728 op, 137861500.00 ns, 1.0271 ns/op
OverheadActual   8: 134217728 op, 139288400.00 ns, 1.0378 ns/op
OverheadActual   9: 134217728 op, 139446400.00 ns, 1.0390 ns/op
OverheadActual  10: 134217728 op, 138393900.00 ns, 1.0311 ns/op
OverheadActual  11: 134217728 op, 138312800.00 ns, 1.0305 ns/op
OverheadActual  12: 134217728 op, 137621400.00 ns, 1.0254 ns/op
OverheadActual  13: 134217728 op, 138092400.00 ns, 1.0289 ns/op
OverheadActual  14: 134217728 op, 137957900.00 ns, 1.0279 ns/op
OverheadActual  15: 134217728 op, 138140300.00 ns, 1.0292 ns/op

WorkloadWarmup   1: 134217728 op, 1004860900.00 ns, 7.4868 ns/op
WorkloadWarmup   2: 134217728 op, 1004856100.00 ns, 7.4868 ns/op
WorkloadWarmup   3: 134217728 op, 1009371900.00 ns, 7.5204 ns/op
WorkloadWarmup   4: 134217728 op, 1006232400.00 ns, 7.4970 ns/op
WorkloadWarmup   5: 134217728 op, 994404000.00 ns, 7.4089 ns/op

// BeforeActualRun
WorkloadActual   1: 134217728 op, 963472100.00 ns, 7.1784 ns/op
WorkloadActual   2: 134217728 op, 966276900.00 ns, 7.1993 ns/op
WorkloadActual   3: 134217728 op, 963748600.00 ns, 7.1805 ns/op
WorkloadActual   4: 134217728 op, 963050800.00 ns, 7.1753 ns/op
WorkloadActual   5: 134217728 op, 959708400.00 ns, 7.1504 ns/op
WorkloadActual   6: 134217728 op, 967536600.00 ns, 7.2087 ns/op
WorkloadActual   7: 134217728 op, 958038000.00 ns, 7.1379 ns/op
WorkloadActual   8: 134217728 op, 955339700.00 ns, 7.1178 ns/op
WorkloadActual   9: 134217728 op, 968530100.00 ns, 7.2161 ns/op
WorkloadActual  10: 134217728 op, 966482900.00 ns, 7.2009 ns/op
WorkloadActual  11: 134217728 op, 971779100.00 ns, 7.2403 ns/op
WorkloadActual  12: 134217728 op, 961927800.00 ns, 7.1669 ns/op
WorkloadActual  13: 134217728 op, 1196092700.00 ns, 8.9116 ns/op
WorkloadActual  14: 134217728 op, 995896800.00 ns, 7.4200 ns/op
WorkloadActual  15: 134217728 op, 968623100.00 ns, 7.2168 ns/op

// AfterActualRun
WorkloadResult   1: 134217728 op, 825331800.00 ns, 6.1492 ns/op
WorkloadResult   2: 134217728 op, 828136600.00 ns, 6.1701 ns/op
WorkloadResult   3: 134217728 op, 825608300.00 ns, 6.1513 ns/op
WorkloadResult   4: 134217728 op, 824910500.00 ns, 6.1461 ns/op
WorkloadResult   5: 134217728 op, 821568100.00 ns, 6.1212 ns/op
WorkloadResult   6: 134217728 op, 829396300.00 ns, 6.1795 ns/op
WorkloadResult   7: 134217728 op, 819897700.00 ns, 6.1087 ns/op
WorkloadResult   8: 134217728 op, 817199400.00 ns, 6.0886 ns/op
WorkloadResult   9: 134217728 op, 830389800.00 ns, 6.1869 ns/op
WorkloadResult  10: 134217728 op, 828342600.00 ns, 6.1716 ns/op
WorkloadResult  11: 134217728 op, 833638800.00 ns, 6.2111 ns/op
WorkloadResult  12: 134217728 op, 823787500.00 ns, 6.1377 ns/op
WorkloadResult  13: 134217728 op, 830482800.00 ns, 6.1876 ns/op
// GC:  0 0 0 400 134217728
// Threading:  0 0 134217728

// AfterAll
// Benchmark Process 13356 has exited with code 0.

Mean = 6.155 ns, StdErr = 0.010 ns (0.16%), N = 13, StdDev = 0.035 ns
Min = 6.089 ns, Q1 = 6.138 ns, Median = 6.151 ns, Q3 = 6.179 ns, Max = 6.211 ns
IQR = 0.042 ns, LowerFence = 6.075 ns, UpperFence = 6.242 ns
ConfidenceInterval = [6.113 ns; 6.196 ns] (CI 99.9%), Margin = 0.042 ns (0.68% of Mean)
Skewness = -0.28, Kurtosis = 2, MValue = 2

// ** Remained 2 (33.3 %) benchmark(s) to run. Estimated finish 2026-08-06 14:08 (0h 0m from now) **
Setup power plan (GUID: 8c5e7fda-e8bf-4a96-9a85-a6e23a8c635c FriendlyName: Alto rendimiento)
// **************************
// Benchmark: OverheadBenchmarks.'Apply force (native)': Job-NMASDA(IterationCount=15, WarmupCount=5)
// *** Execute ***
// Launch: 1 / 1
// Execute: dotnet db119e57-d7d9-4e24-97ed-7a9ce746a732.dll --anonymousPipes 1884 1880 --benchmarkName Box3D.Benchmarks.OverheadBenchmarks.ApplyForceNative --job "IterationCount=15, WarmupCount=5" --benchmarkId 4 in C:\Users\Miguel\Desktop\Proyectos\Box3D.NET\src\Box3D.NET.Benchmarks\bin\Release\net8.0\db119e57-d7d9-4e24-97ed-7a9ce746a732\bin\Release\net10.0
// BeforeAnythingElse

// Benchmark Process Environment Information:
// BenchmarkDotNet v0.14.0
// Runtime=.NET 10.0.10 (10.0.1026.32716), X64 RyuJIT AVX-512F+CD+BW+DQ+VL+VBMI
// GC=Concurrent Workstation
// HardwareIntrinsics=AVX-512F+CD+BW+DQ+VL+VBMI,AES,BMI1,BMI2,FMA,LZCNT,PCLMUL,POPCNT VectorSize=256
// Job: Job-PYPXPK(IterationCount=15, WarmupCount=5)

OverheadJitting  1: 1 op, 180800.00 ns, 180.8000 us/op
WorkloadJitting  1: 1 op, 185100.00 ns, 185.1000 us/op

OverheadJitting  2: 16 op, 130700.00 ns, 8.1688 us/op
WorkloadJitting  2: 16 op, 167400.00 ns, 10.4625 us/op

WorkloadPilot    1: 16 op, 700.00 ns, 43.7500 ns/op
WorkloadPilot    2: 32 op, 800.00 ns, 25.0000 ns/op
WorkloadPilot    3: 64 op, 900.00 ns, 14.0625 ns/op
WorkloadPilot    4: 128 op, 3000.00 ns, 23.4375 ns/op
WorkloadPilot    5: 256 op, 4100.00 ns, 16.0156 ns/op
WorkloadPilot    6: 512 op, 6300.00 ns, 12.3047 ns/op
WorkloadPilot    7: 1024 op, 15100.00 ns, 14.7461 ns/op
WorkloadPilot    8: 2048 op, 29100.00 ns, 14.2090 ns/op
WorkloadPilot    9: 4096 op, 57800.00 ns, 14.1113 ns/op
WorkloadPilot   10: 8192 op, 115400.00 ns, 14.0869 ns/op
WorkloadPilot   11: 16384 op, 230200.00 ns, 14.0503 ns/op
WorkloadPilot   12: 32768 op, 400300.00 ns, 12.2162 ns/op
WorkloadPilot   13: 65536 op, 745400.00 ns, 11.3739 ns/op
WorkloadPilot   14: 131072 op, 1512600.00 ns, 11.5402 ns/op
WorkloadPilot   15: 262144 op, 3434600.00 ns, 13.1020 ns/op
WorkloadPilot   16: 524288 op, 5900900.00 ns, 11.2551 ns/op
WorkloadPilot   17: 1048576 op, 12729000.00 ns, 12.1393 ns/op
WorkloadPilot   18: 2097152 op, 24074200.00 ns, 11.4795 ns/op
WorkloadPilot   19: 4194304 op, 48506000.00 ns, 11.5647 ns/op
WorkloadPilot   20: 8388608 op, 79769400.00 ns, 9.5093 ns/op
WorkloadPilot   21: 16777216 op, 121523600.00 ns, 7.2434 ns/op
WorkloadPilot   22: 33554432 op, 246676100.00 ns, 7.3515 ns/op
WorkloadPilot   23: 67108864 op, 483850300.00 ns, 7.2099 ns/op
WorkloadPilot   24: 134217728 op, 968470000.00 ns, 7.2157 ns/op

OverheadWarmup   1: 134217728 op, 195654200.00 ns, 1.4577 ns/op
OverheadWarmup   2: 134217728 op, 229632200.00 ns, 1.7109 ns/op
OverheadWarmup   3: 134217728 op, 140031500.00 ns, 1.0433 ns/op
OverheadWarmup   4: 134217728 op, 138296300.00 ns, 1.0304 ns/op
OverheadWarmup   5: 134217728 op, 138919400.00 ns, 1.0350 ns/op
OverheadWarmup   6: 134217728 op, 139463100.00 ns, 1.0391 ns/op
OverheadWarmup   7: 134217728 op, 138728500.00 ns, 1.0336 ns/op

OverheadActual   1: 134217728 op, 138870400.00 ns, 1.0347 ns/op
OverheadActual   2: 134217728 op, 139471100.00 ns, 1.0391 ns/op
OverheadActual   3: 134217728 op, 138803500.00 ns, 1.0342 ns/op
OverheadActual   4: 134217728 op, 139472000.00 ns, 1.0391 ns/op
OverheadActual   5: 134217728 op, 137753400.00 ns, 1.0263 ns/op
OverheadActual   6: 134217728 op, 139345900.00 ns, 1.0382 ns/op
OverheadActual   7: 134217728 op, 138454700.00 ns, 1.0316 ns/op
OverheadActual   8: 134217728 op, 139009100.00 ns, 1.0357 ns/op
OverheadActual   9: 134217728 op, 139572800.00 ns, 1.0399 ns/op
OverheadActual  10: 134217728 op, 139730500.00 ns, 1.0411 ns/op
OverheadActual  11: 134217728 op, 138175000.00 ns, 1.0295 ns/op
OverheadActual  12: 134217728 op, 138953600.00 ns, 1.0353 ns/op
OverheadActual  13: 134217728 op, 138874400.00 ns, 1.0347 ns/op
OverheadActual  14: 134217728 op, 138134200.00 ns, 1.0292 ns/op
OverheadActual  15: 134217728 op, 138131600.00 ns, 1.0292 ns/op

WorkloadWarmup   1: 134217728 op, 975045600.00 ns, 7.2647 ns/op
WorkloadWarmup   2: 134217728 op, 983726900.00 ns, 7.3293 ns/op
WorkloadWarmup   3: 134217728 op, 976864400.00 ns, 7.2782 ns/op
WorkloadWarmup   4: 134217728 op, 970893300.00 ns, 7.2337 ns/op
WorkloadWarmup   5: 134217728 op, 977414700.00 ns, 7.2823 ns/op

// BeforeActualRun
WorkloadActual   1: 134217728 op, 976090400.00 ns, 7.2724 ns/op
WorkloadActual   2: 134217728 op, 973153100.00 ns, 7.2506 ns/op
WorkloadActual   3: 134217728 op, 966233000.00 ns, 7.1990 ns/op
WorkloadActual   4: 134217728 op, 970670300.00 ns, 7.2321 ns/op
WorkloadActual   5: 134217728 op, 970433500.00 ns, 7.2303 ns/op
WorkloadActual   6: 134217728 op, 972556800.00 ns, 7.2461 ns/op
WorkloadActual   7: 134217728 op, 964456300.00 ns, 7.1858 ns/op
WorkloadActual   8: 134217728 op, 966588900.00 ns, 7.2016 ns/op
WorkloadActual   9: 134217728 op, 969192700.00 ns, 7.2210 ns/op
WorkloadActual  10: 134217728 op, 967501000.00 ns, 7.2084 ns/op
WorkloadActual  11: 134217728 op, 974297100.00 ns, 7.2591 ns/op
WorkloadActual  12: 134217728 op, 968730600.00 ns, 7.2176 ns/op
WorkloadActual  13: 134217728 op, 966419400.00 ns, 7.2004 ns/op
WorkloadActual  14: 134217728 op, 970455600.00 ns, 7.2305 ns/op
WorkloadActual  15: 134217728 op, 971535900.00 ns, 7.2385 ns/op

// AfterActualRun
WorkloadResult   1: 134217728 op, 837216000.00 ns, 6.2377 ns/op
WorkloadResult   2: 134217728 op, 834278700.00 ns, 6.2159 ns/op
WorkloadResult   3: 134217728 op, 827358600.00 ns, 6.1643 ns/op
WorkloadResult   4: 134217728 op, 831795900.00 ns, 6.1974 ns/op
WorkloadResult   5: 134217728 op, 831559100.00 ns, 6.1956 ns/op
WorkloadResult   6: 134217728 op, 833682400.00 ns, 6.2114 ns/op
WorkloadResult   7: 134217728 op, 825581900.00 ns, 6.1511 ns/op
WorkloadResult   8: 134217728 op, 827714500.00 ns, 6.1670 ns/op
WorkloadResult   9: 134217728 op, 830318300.00 ns, 6.1864 ns/op
WorkloadResult  10: 134217728 op, 828626600.00 ns, 6.1737 ns/op
WorkloadResult  11: 134217728 op, 835422700.00 ns, 6.2244 ns/op
WorkloadResult  12: 134217728 op, 829856200.00 ns, 6.1829 ns/op
WorkloadResult  13: 134217728 op, 827545000.00 ns, 6.1657 ns/op
WorkloadResult  14: 134217728 op, 831581200.00 ns, 6.1958 ns/op
WorkloadResult  15: 134217728 op, 832661500.00 ns, 6.2038 ns/op
// GC:  0 0 0 112 134217728
// Threading:  0 0 134217728

// AfterAll
// Benchmark Process 13220 has exited with code 0.

Mean = 6.192 ns, StdErr = 0.006 ns (0.10%), N = 15, StdDev = 0.025 ns
Min = 6.151 ns, Q1 = 6.170 ns, Median = 6.196 ns, Q3 = 6.208 ns, Max = 6.238 ns
IQR = 0.037 ns, LowerFence = 6.114 ns, UpperFence = 6.264 ns
ConfidenceInterval = [6.165 ns; 6.218 ns] (CI 99.9%), Margin = 0.026 ns (0.43% of Mean)
Skewness = 0.15, Kurtosis = 1.89, MValue = 2

// ** Remained 1 (16.7 %) benchmark(s) to run. Estimated finish 2026-08-06 14:08 (0h 0m from now) **
Setup power plan (GUID: 8c5e7fda-e8bf-4a96-9a85-a6e23a8c635c FriendlyName: Alto rendimiento)
// **************************
// Benchmark: OverheadBenchmarks.'Apply force (wrapper)': Job-NMASDA(IterationCount=15, WarmupCount=5)
// *** Execute ***
// Launch: 1 / 1
// Execute: dotnet db119e57-d7d9-4e24-97ed-7a9ce746a732.dll --anonymousPipes 2136 2008 --benchmarkName Box3D.Benchmarks.OverheadBenchmarks.ApplyForceWrapper --job "IterationCount=15, WarmupCount=5" --benchmarkId 5 in C:\Users\Miguel\Desktop\Proyectos\Box3D.NET\src\Box3D.NET.Benchmarks\bin\Release\net8.0\db119e57-d7d9-4e24-97ed-7a9ce746a732\bin\Release\net10.0
// BeforeAnythingElse

// Benchmark Process Environment Information:
// BenchmarkDotNet v0.14.0
// Runtime=.NET 10.0.10 (10.0.1026.32716), X64 RyuJIT AVX-512F+CD+BW+DQ+VL+VBMI
// GC=Concurrent Workstation
// HardwareIntrinsics=AVX-512F+CD+BW+DQ+VL+VBMI,AES,BMI1,BMI2,FMA,LZCNT,PCLMUL,POPCNT VectorSize=256
// Job: Job-ODVMTY(IterationCount=15, WarmupCount=5)

OverheadJitting  1: 1 op, 199000.00 ns, 199.0000 us/op
WorkloadJitting  1: 1 op, 279400.00 ns, 279.4000 us/op

OverheadJitting  2: 16 op, 134000.00 ns, 8.3750 us/op
WorkloadJitting  2: 16 op, 167800.00 ns, 10.4875 us/op

WorkloadPilot    1: 16 op, 800.00 ns, 50.0000 ns/op
WorkloadPilot    2: 32 op, 1200.00 ns, 37.5000 ns/op
WorkloadPilot    3: 64 op, 1400.00 ns, 21.8750 ns/op
WorkloadPilot    4: 128 op, 2400.00 ns, 18.7500 ns/op
WorkloadPilot    5: 256 op, 6300.00 ns, 24.6094 ns/op
WorkloadPilot    6: 512 op, 9700.00 ns, 18.9453 ns/op
WorkloadPilot    7: 1024 op, 17600.00 ns, 17.1875 ns/op
WorkloadPilot    8: 2048 op, 35600.00 ns, 17.3828 ns/op
WorkloadPilot    9: 4096 op, 70900.00 ns, 17.3096 ns/op
WorkloadPilot   10: 8192 op, 140200.00 ns, 17.1143 ns/op
WorkloadPilot   11: 16384 op, 276200.00 ns, 16.8579 ns/op
WorkloadPilot   12: 32768 op, 578900.00 ns, 17.6666 ns/op
WorkloadPilot   13: 65536 op, 1414500.00 ns, 21.5836 ns/op
WorkloadPilot   14: 131072 op, 2371900.00 ns, 18.0962 ns/op
WorkloadPilot   15: 262144 op, 4639000.00 ns, 17.6964 ns/op
WorkloadPilot   16: 524288 op, 8994300.00 ns, 17.1553 ns/op
WorkloadPilot   17: 1048576 op, 18507500.00 ns, 17.6501 ns/op
WorkloadPilot   18: 2097152 op, 36737900.00 ns, 17.5180 ns/op
WorkloadPilot   19: 4194304 op, 73863400.00 ns, 17.6104 ns/op
WorkloadPilot   20: 8388608 op, 64382500.00 ns, 7.6750 ns/op
WorkloadPilot   21: 16777216 op, 128235500.00 ns, 7.6434 ns/op
WorkloadPilot   22: 33554432 op, 257198100.00 ns, 7.6651 ns/op
WorkloadPilot   23: 67108864 op, 520323000.00 ns, 7.7534 ns/op

OverheadWarmup   1: 67108864 op, 96224900.00 ns, 1.4339 ns/op
OverheadWarmup   2: 67108864 op, 97492300.00 ns, 1.4527 ns/op
OverheadWarmup   3: 67108864 op, 115743800.00 ns, 1.7247 ns/op
OverheadWarmup   4: 67108864 op, 68795900.00 ns, 1.0251 ns/op
OverheadWarmup   5: 67108864 op, 68187200.00 ns, 1.0161 ns/op
OverheadWarmup   6: 67108864 op, 68245300.00 ns, 1.0169 ns/op
OverheadWarmup   7: 67108864 op, 68114800.00 ns, 1.0150 ns/op

OverheadActual   1: 67108864 op, 69071500.00 ns, 1.0292 ns/op
OverheadActual   2: 67108864 op, 69227900.00 ns, 1.0316 ns/op
OverheadActual   3: 67108864 op, 68544800.00 ns, 1.0214 ns/op
OverheadActual   4: 67108864 op, 68309700.00 ns, 1.0179 ns/op
OverheadActual   5: 67108864 op, 68942800.00 ns, 1.0273 ns/op
OverheadActual   6: 67108864 op, 68312200.00 ns, 1.0179 ns/op
OverheadActual   7: 67108864 op, 68525200.00 ns, 1.0211 ns/op
OverheadActual   8: 67108864 op, 68604800.00 ns, 1.0223 ns/op
OverheadActual   9: 67108864 op, 68567700.00 ns, 1.0217 ns/op
OverheadActual  10: 67108864 op, 68698100.00 ns, 1.0237 ns/op
OverheadActual  11: 67108864 op, 68208400.00 ns, 1.0164 ns/op
OverheadActual  12: 67108864 op, 68558400.00 ns, 1.0216 ns/op
OverheadActual  13: 67108864 op, 68467400.00 ns, 1.0202 ns/op
OverheadActual  14: 67108864 op, 67896600.00 ns, 1.0117 ns/op
OverheadActual  15: 67108864 op, 68541500.00 ns, 1.0213 ns/op

WorkloadWarmup   1: 67108864 op, 510181800.00 ns, 7.6023 ns/op
WorkloadWarmup   2: 67108864 op, 508013000.00 ns, 7.5700 ns/op
WorkloadWarmup   3: 67108864 op, 503710300.00 ns, 7.5059 ns/op
WorkloadWarmup   4: 67108864 op, 505663400.00 ns, 7.5350 ns/op
WorkloadWarmup   5: 67108864 op, 503820100.00 ns, 7.5075 ns/op

// BeforeActualRun
WorkloadActual   1: 67108864 op, 519711500.00 ns, 7.7443 ns/op
WorkloadActual   2: 67108864 op, 516011000.00 ns, 7.6892 ns/op
WorkloadActual   3: 67108864 op, 522278900.00 ns, 7.7826 ns/op
WorkloadActual   4: 67108864 op, 518238500.00 ns, 7.7224 ns/op
WorkloadActual   5: 67108864 op, 520229000.00 ns, 7.7520 ns/op
WorkloadActual   6: 67108864 op, 519585500.00 ns, 7.7424 ns/op
WorkloadActual   7: 67108864 op, 516014800.00 ns, 7.6892 ns/op
WorkloadActual   8: 67108864 op, 514672000.00 ns, 7.6692 ns/op
WorkloadActual   9: 67108864 op, 518888800.00 ns, 7.7320 ns/op
WorkloadActual  10: 67108864 op, 517508100.00 ns, 7.7115 ns/op
WorkloadActual  11: 67108864 op, 522808900.00 ns, 7.7905 ns/op
WorkloadActual  12: 67108864 op, 513035800.00 ns, 7.6448 ns/op
WorkloadActual  13: 67108864 op, 514384300.00 ns, 7.6649 ns/op
WorkloadActual  14: 67108864 op, 516543900.00 ns, 7.6971 ns/op
WorkloadActual  15: 67108864 op, 513934500.00 ns, 7.6582 ns/op

// AfterActualRun
WorkloadResult   1: 67108864 op, 451166700.00 ns, 6.7229 ns/op
WorkloadResult   2: 67108864 op, 447466200.00 ns, 6.6678 ns/op
WorkloadResult   3: 67108864 op, 453734100.00 ns, 6.7612 ns/op
WorkloadResult   4: 67108864 op, 449693700.00 ns, 6.7010 ns/op
WorkloadResult   5: 67108864 op, 451684200.00 ns, 6.7306 ns/op
WorkloadResult   6: 67108864 op, 451040700.00 ns, 6.7210 ns/op
WorkloadResult   7: 67108864 op, 447470000.00 ns, 6.6678 ns/op
WorkloadResult   8: 67108864 op, 446127200.00 ns, 6.6478 ns/op
WorkloadResult   9: 67108864 op, 450344000.00 ns, 6.7106 ns/op
WorkloadResult  10: 67108864 op, 448963300.00 ns, 6.6901 ns/op
WorkloadResult  11: 67108864 op, 454264100.00 ns, 6.7691 ns/op
WorkloadResult  12: 67108864 op, 444491000.00 ns, 6.6234 ns/op
WorkloadResult  13: 67108864 op, 445839500.00 ns, 6.6435 ns/op
WorkloadResult  14: 67108864 op, 447999100.00 ns, 6.6757 ns/op
WorkloadResult  15: 67108864 op, 445389700.00 ns, 6.6368 ns/op
// GC:  0 0 0 400 67108864
// Threading:  0 0 67108864

// AfterAll
// Benchmark Process 9956 has exited with code 0.

Mean = 6.691 ns, StdErr = 0.012 ns (0.17%), N = 15, StdDev = 0.045 ns
Min = 6.623 ns, Q1 = 6.658 ns, Median = 6.690 ns, Q3 = 6.722 ns, Max = 6.769 ns
IQR = 0.064 ns, LowerFence = 6.562 ns, UpperFence = 6.818 ns
ConfidenceInterval = [6.644 ns; 6.739 ns] (CI 99.9%), Margin = 0.048 ns (0.71% of Mean)
Skewness = 0.18, Kurtosis = 1.75, MValue = 2

// ** Remained 0 (0.0 %) benchmark(s) to run. Estimated finish 2026-08-06 14:08 (0h 0m from now) **
Successfully reverted power plan (GUID: 8c5e7fda-e8bf-4a96-9a85-a6e23a8c635c FriendlyName: Alto rendimiento)
// ***** BenchmarkRunner: Finish  *****

// * Export *
  BenchmarkDotNet.Artifacts\results\Box3D.Benchmarks.OverheadBenchmarks-report.csv
  BenchmarkDotNet.Artifacts\results\Box3D.Benchmarks.OverheadBenchmarks-report-github.md
  BenchmarkDotNet.Artifacts\results\Box3D.Benchmarks.OverheadBenchmarks-report.html

// * Detailed results *
OverheadBenchmarks.'Read position (native)': Job-NMASDA(IterationCount=15, WarmupCount=5)
Runtime = .NET 10.0.10 (10.0.1026.32716), X64 RyuJIT AVX-512F+CD+BW+DQ+VL+VBMI; GC = Concurrent Workstation
Mean = 7.892 ns, StdErr = 0.004 ns (0.05%), N = 14, StdDev = 0.015 ns
Min = 7.863 ns, Q1 = 7.883 ns, Median = 7.892 ns, Q3 = 7.901 ns, Max = 7.918 ns
IQR = 0.019 ns, LowerFence = 7.855 ns, UpperFence = 7.929 ns
ConfidenceInterval = [7.874 ns; 7.909 ns] (CI 99.9%), Margin = 0.017 ns (0.22% of Mean)
Skewness = -0.02, Kurtosis = 2.1, MValue = 2
-------------------- Histogram --------------------
[7.855 ns ; 7.926 ns) | @@@@@@@@@@@@@@
---------------------------------------------------

OverheadBenchmarks.'Read position (wrapper)': Job-NMASDA(IterationCount=15, WarmupCount=5)
Runtime = .NET 10.0.10 (10.0.1026.32716), X64 RyuJIT AVX-512F+CD+BW+DQ+VL+VBMI; GC = Concurrent Workstation
Mean = 7.886 ns, StdErr = 0.003 ns (0.04%), N = 15, StdDev = 0.012 ns
Min = 7.869 ns, Q1 = 7.875 ns, Median = 7.889 ns, Q3 = 7.894 ns, Max = 7.907 ns
IQR = 0.019 ns, LowerFence = 7.845 ns, UpperFence = 7.923 ns
ConfidenceInterval = [7.873 ns; 7.900 ns] (CI 99.9%), Margin = 0.013 ns (0.17% of Mean)
Skewness = 0.02, Kurtosis = 1.57, MValue = 2
-------------------- Histogram --------------------
[7.862 ns ; 7.913 ns) | @@@@@@@@@@@@@@@
---------------------------------------------------

OverheadBenchmarks.'Write velocity (native)': Job-NMASDA(IterationCount=15, WarmupCount=5)
Runtime = .NET 10.0.10 (10.0.1026.32716), X64 RyuJIT AVX-512F+CD+BW+DQ+VL+VBMI; GC = Concurrent Workstation
Mean = 6.044 ns, StdErr = 0.011 ns (0.18%), N = 15, StdDev = 0.041 ns
Min = 5.996 ns, Q1 = 6.017 ns, Median = 6.029 ns, Q3 = 6.069 ns, Max = 6.126 ns
IQR = 0.053 ns, LowerFence = 5.937 ns, UpperFence = 6.149 ns
ConfidenceInterval = [5.999 ns; 6.088 ns] (CI 99.9%), Margin = 0.044 ns (0.73% of Mean)
Skewness = 0.67, Kurtosis = 2.02, MValue = 2
-------------------- Histogram --------------------
[5.974 ns ; 6.148 ns) | @@@@@@@@@@@@@@@
---------------------------------------------------

OverheadBenchmarks.'Write velocity (wrapper)': Job-NMASDA(IterationCount=15, WarmupCount=5)
Runtime = .NET 10.0.10 (10.0.1026.32716), X64 RyuJIT AVX-512F+CD+BW+DQ+VL+VBMI; GC = Concurrent Workstation
Mean = 6.155 ns, StdErr = 0.010 ns (0.16%), N = 13, StdDev = 0.035 ns
Min = 6.089 ns, Q1 = 6.138 ns, Median = 6.151 ns, Q3 = 6.179 ns, Max = 6.211 ns
IQR = 0.042 ns, LowerFence = 6.075 ns, UpperFence = 6.242 ns
ConfidenceInterval = [6.113 ns; 6.196 ns] (CI 99.9%), Margin = 0.042 ns (0.68% of Mean)
Skewness = -0.28, Kurtosis = 2, MValue = 2
-------------------- Histogram --------------------
[6.069 ns ; 6.231 ns) | @@@@@@@@@@@@@
---------------------------------------------------

OverheadBenchmarks.'Apply force (native)': Job-NMASDA(IterationCount=15, WarmupCount=5)
Runtime = .NET 10.0.10 (10.0.1026.32716), X64 RyuJIT AVX-512F+CD+BW+DQ+VL+VBMI; GC = Concurrent Workstation
Mean = 6.192 ns, StdErr = 0.006 ns (0.10%), N = 15, StdDev = 0.025 ns
Min = 6.151 ns, Q1 = 6.170 ns, Median = 6.196 ns, Q3 = 6.208 ns, Max = 6.238 ns
IQR = 0.037 ns, LowerFence = 6.114 ns, UpperFence = 6.264 ns
ConfidenceInterval = [6.165 ns; 6.218 ns] (CI 99.9%), Margin = 0.026 ns (0.43% of Mean)
Skewness = 0.15, Kurtosis = 1.89, MValue = 2
-------------------- Histogram --------------------
[6.138 ns ; 6.251 ns) | @@@@@@@@@@@@@@@
---------------------------------------------------

OverheadBenchmarks.'Apply force (wrapper)': Job-NMASDA(IterationCount=15, WarmupCount=5)
Runtime = .NET 10.0.10 (10.0.1026.32716), X64 RyuJIT AVX-512F+CD+BW+DQ+VL+VBMI; GC = Concurrent Workstation
Mean = 6.691 ns, StdErr = 0.012 ns (0.17%), N = 15, StdDev = 0.045 ns
Min = 6.623 ns, Q1 = 6.658 ns, Median = 6.690 ns, Q3 = 6.722 ns, Max = 6.769 ns
IQR = 0.064 ns, LowerFence = 6.562 ns, UpperFence = 6.818 ns
ConfidenceInterval = [6.644 ns; 6.739 ns] (CI 99.9%), Margin = 0.048 ns (0.71% of Mean)
Skewness = 0.18, Kurtosis = 1.75, MValue = 2
-------------------- Histogram --------------------
[6.600 ns ; 6.793 ns) | @@@@@@@@@@@@@@@
---------------------------------------------------

// * Summary *

BenchmarkDotNet v0.14.0, Windows 11 (10.0.26100.8875)
Unknown processor
.NET SDK 10.0.302
  [Host]     : .NET 10.0.10 (10.0.1026.32716), X64 RyuJIT AVX-512F+CD+BW+DQ+VL+VBMI
  Job-NMASDA : .NET 10.0.10 (10.0.1026.32716), X64 RyuJIT AVX-512F+CD+BW+DQ+VL+VBMI

Job=Job-NMASDA  IterationCount=15  WarmupCount=5  

| Method                     | Mean     | Ratio | Allocated | Alloc Ratio |
|--------------------------- |---------:|------:|----------:|------------:|
| 'Read position (native)'   | 7.892 ns |  1.00 |         - |          NA |
| 'Read position (wrapper)'  | 7.886 ns |  1.00 |         - |          NA |
| 'Write velocity (native)'  | 6.044 ns |  0.77 |         - |          NA |
| 'Write velocity (wrapper)' | 6.155 ns |  0.78 |         - |          NA |
| 'Apply force (native)'     | 6.192 ns |  0.78 |         - |          NA |
| 'Apply force (wrapper)'    | 6.691 ns |  0.85 |         - |          NA |

// * Hints *
HideColumnsAnalyser
  Summary -> Hidden columns: Error, StdDev
Outliers
  OverheadBenchmarks.'Read position (native)': IterationCount=15, WarmupCount=5   -> 1 outlier  was  removed (9.01 ns)
  OverheadBenchmarks.'Write velocity (wrapper)': IterationCount=15, WarmupCount=5 -> 2 outliers were removed (7.42 ns, 8.91 ns)

// * Legends *
  Mean        : Arithmetic mean of all measurements
  Ratio       : Mean of the ratio distribution ([Current]/[Baseline])
  Allocated   : Allocated memory per single operation (managed only, inclusive, 1KB = 1024B)
  Alloc Ratio : Allocated memory ratio distribution ([Current]/[Baseline])
  1 ns        : 1 Nanosecond (0.000000001 sec)

// * Diagnostic Output - MemoryDiagnoser *


// ***** BenchmarkRunner: End *****
Run time: 00:02:02 (122.86 sec), executed benchmarks: 6

Global total time: 00:02:10 (130.61 sec), executed benchmarks: 6
// * Artifacts cleanup *
Artifacts cleanup is finished
